{
  "Entries": [
    {
      "RequestUri": "/subscriptions/b80cf239-2c72-47ab-b309-b26aec4656b1/providers/Microsoft.Search/register?api-version=2016-02-01",
      "EncodedRequestUri": "L3N1YnNjcmlwdGlvbnMvYjgwY2YyMzktMmM3Mi00N2FiLWIzMDktYjI2YWVjNDY1NmIxL3Byb3ZpZGVycy9NaWNyb3NvZnQuU2VhcmNoL3JlZ2lzdGVyP2FwaS12ZXJzaW9uPTIwMTYtMDItMDE=",
      "RequestMethod": "POST",
      "RequestBody": "",
      "RequestHeaders": {
        "x-ms-client-request-id": [
          "33339b1c-e1d2-4d75-867e-3a9c10182306"
        ],
        "accept-language": [
          "en-US"
        ],
        "User-Agent": [
          "Microsoft.Azure.Management.ResourceManager.ResourceManagementClient/1.0.0.0"
        ]
      },
      "ResponseBody": "{\r\n  \"id\": \"/subscriptions/b80cf239-2c72-47ab-b309-b26aec4656b1/providers/Microsoft.Search\",\r\n  \"namespace\": \"Microsoft.Search\",\r\n  \"resourceTypes\": [\r\n    {\r\n      \"resourceType\": \"searchServices\",\r\n      \"locations\": [\r\n        \"West US\"\r\n      ],\r\n      \"apiVersions\": [\r\n        \"2015-08-19\",\r\n        \"2015-02-28\",\r\n        \"2014-07-31-Preview\"\r\n      ],\r\n      \"capabilities\": \"CrossResourceGroupResourceMove, CrossSubscriptionResourceMove\"\r\n    },\r\n    {\r\n      \"resourceType\": \"searchServicesCit\",\r\n      \"locations\": [\r\n        \"West US\"\r\n      ],\r\n      \"apiVersions\": [\r\n        \"2015-08-19\",\r\n        \"2015-02-28\",\r\n        \"2014-07-31-Preview\"\r\n      ],\r\n      \"capabilities\": \"CrossResourceGroupResourceMove, CrossSubscriptionResourceMove\"\r\n    },\r\n    {\r\n      \"resourceType\": \"searchServicesInt\",\r\n      \"locations\": [\r\n        \"West US\"\r\n      ],\r\n      \"apiVersions\": [\r\n        \"2015-08-19\",\r\n        \"2015-02-28\",\r\n        \"2014-07-31-Preview\"\r\n      ],\r\n      \"capabilities\": \"CrossResourceGroupResourceMove, CrossSubscriptionResourceMove\"\r\n    },\r\n    {\r\n      \"resourceType\": \"searchServicesPpe\",\r\n      \"locations\": [\r\n        \"West US\"\r\n      ],\r\n      \"apiVersions\": [\r\n        \"2015-08-19\",\r\n        \"2015-02-28\",\r\n        \"2014-07-31-Preview\"\r\n      ],\r\n      \"capabilities\": \"CrossResourceGroupResourceMove, CrossSubscriptionResourceMove\"\r\n    },\r\n    {\r\n      \"resourceType\": \"checkServiceNameAvailability\",\r\n      \"locations\": [],\r\n      \"apiVersions\": [\r\n        \"2015-02-28\",\r\n        \"2014-07-31-Preview\"\r\n      ]\r\n    },\r\n    {\r\n      \"resourceType\": \"checkServiceNameAvailabilityCit\",\r\n      \"locations\": [],\r\n      \"apiVersions\": [\r\n        \"2015-02-28\",\r\n        \"2014-07-31-Preview\"\r\n      ]\r\n    },\r\n    {\r\n      \"resourceType\": \"checkServiceNameAvailabilityInt\",\r\n      \"locations\": [],\r\n      \"apiVersions\": [\r\n        \"2015-02-28\",\r\n        \"2014-07-31-Preview\"\r\n      ]\r\n    },\r\n    {\r\n      \"resourceType\": \"checkServiceNameAvailabilityPpe\",\r\n      \"locations\": [],\r\n      \"apiVersions\": [\r\n        \"2015-02-28\",\r\n        \"2014-07-31-Preview\"\r\n      ]\r\n    },\r\n    {\r\n      \"resourceType\": \"checkNameAvailability\",\r\n      \"locations\": [],\r\n      \"apiVersions\": [\r\n        \"2015-08-19\"\r\n      ]\r\n    },\r\n    {\r\n      \"resourceType\": \"checkNameAvailabilityCit\",\r\n      \"locations\": [],\r\n      \"apiVersions\": [\r\n        \"2015-08-19\"\r\n      ]\r\n    },\r\n    {\r\n      \"resourceType\": \"checkNameAvailabilityInt\",\r\n      \"locations\": [],\r\n      \"apiVersions\": [\r\n        \"2015-08-19\"\r\n      ]\r\n    },\r\n    {\r\n      \"resourceType\": \"checkNameAvailabilityPpe\",\r\n      \"locations\": [],\r\n      \"apiVersions\": [\r\n        \"2015-08-19\"\r\n      ]\r\n    },\r\n    {\r\n      \"resourceType\": \"operations\",\r\n      \"locations\": [],\r\n      \"apiVersions\": [\r\n        \"2015-08-19\",\r\n        \"2015-02-28\"\r\n      ]\r\n    }\r\n  ],\r\n  \"registrationState\": \"Registered\"\r\n}",
      "ResponseHeaders": {
        "Content-Type": [
          "application/json; charset=utf-8"
        ],
        "Expires": [
          "-1"
        ],
        "Cache-Control": [
          "no-cache"
        ],
        "Date": [
          "Wed, 27 Apr 2016 22:34:45 GMT"
        ],
        "Pragma": [
          "no-cache"
        ],
        "Vary": [
          "Accept-Encoding"
        ],
        "x-ms-ratelimit-remaining-subscription-writes": [
          "1078"
        ],
        "x-ms-request-id": [
          "d76023bc-8ae3-45f3-806d-64ba92ebd94b"
        ],
        "x-ms-correlation-request-id": [
          "d76023bc-8ae3-45f3-806d-64ba92ebd94b"
        ],
        "x-ms-routing-request-id": [
          "CENTRALUS:20160427T223445Z:d76023bc-8ae3-45f3-806d-64ba92ebd94b"
        ],
        "Strict-Transport-Security": [
          "max-age=31536000; includeSubDomains"
        ]
      },
      "StatusCode": 200
    },
    {
      "RequestUri": "/subscriptions/b80cf239-2c72-47ab-b309-b26aec4656b1/resourcegroups/azsmnet6426?api-version=2016-02-01",
      "EncodedRequestUri": "L3N1YnNjcmlwdGlvbnMvYjgwY2YyMzktMmM3Mi00N2FiLWIzMDktYjI2YWVjNDY1NmIxL3Jlc291cmNlZ3JvdXBzL2F6c21uZXQ2NDI2P2FwaS12ZXJzaW9uPTIwMTYtMDItMDE=",
      "RequestMethod": "PUT",
      "RequestBody": "{\r\n  \"location\": \"West US\"\r\n}",
      "RequestHeaders": {
        "Content-Type": [
          "application/json; charset=utf-8"
        ],
        "Content-Length": [
          "29"
        ],
        "x-ms-client-request-id": [
          "6daf822d-3b3d-4782-8a00-36bfe571f3d1"
        ],
        "accept-language": [
          "en-US"
        ],
        "User-Agent": [
          "Microsoft.Azure.Management.ResourceManager.ResourceManagementClient/1.0.0.0"
        ]
      },
      "ResponseBody": "{\r\n  \"id\": \"/subscriptions/b80cf239-2c72-47ab-b309-b26aec4656b1/resourceGroups/azsmnet6426\",\r\n  \"name\": \"azsmnet6426\",\r\n  \"location\": \"westus\",\r\n  \"properties\": {\r\n    \"provisioningState\": \"Succeeded\"\r\n  }\r\n}",
      "ResponseHeaders": {
        "Content-Length": [
          "175"
        ],
        "Content-Type": [
          "application/json; charset=utf-8"
        ],
        "Expires": [
          "-1"
        ],
        "Cache-Control": [
          "no-cache"
        ],
        "Date": [
          "Wed, 27 Apr 2016 22:34:45 GMT"
        ],
        "Pragma": [
          "no-cache"
        ],
        "x-ms-ratelimit-remaining-subscription-writes": [
          "1077"
        ],
        "x-ms-request-id": [
          "3f0af44d-3842-458e-91ec-b3db7a3785ea"
        ],
        "x-ms-correlation-request-id": [
          "3f0af44d-3842-458e-91ec-b3db7a3785ea"
        ],
        "x-ms-routing-request-id": [
          "CENTRALUS:20160427T223446Z:3f0af44d-3842-458e-91ec-b3db7a3785ea"
        ],
        "Strict-Transport-Security": [
          "max-age=31536000; includeSubDomains"
        ]
      },
      "StatusCode": 201
    },
    {
      "RequestUri": "/subscriptions/b80cf239-2c72-47ab-b309-b26aec4656b1/resourceGroups/azsmnet6426/providers/Microsoft.Search/searchServices/azs-4318?api-version=2015-02-28",
      "EncodedRequestUri": "L3N1YnNjcmlwdGlvbnMvYjgwY2YyMzktMmM3Mi00N2FiLWIzMDktYjI2YWVjNDY1NmIxL3Jlc291cmNlR3JvdXBzL2F6c21uZXQ2NDI2L3Byb3ZpZGVycy9NaWNyb3NvZnQuU2VhcmNoL3NlYXJjaFNlcnZpY2VzL2F6cy00MzE4P2FwaS12ZXJzaW9uPTIwMTUtMDItMjg=",
      "RequestMethod": "PUT",
      "RequestBody": "{\r\n  \"location\": \"West US\",\r\n  \"properties\": {\r\n    \"sku\": {\r\n      \"name\": \"free\"\r\n    }\r\n  }\r\n}",
      "RequestHeaders": {
        "Content-Type": [
          "application/json; charset=utf-8"
        ],
        "Content-Length": [
          "97"
        ],
        "x-ms-client-request-id": [
          "1ec19600-d239-4da9-a343-d991a6c3b34f"
        ],
        "accept-language": [
          "en-US"
        ],
        "User-Agent": [
          "Microsoft.Azure.Management.Search.SearchManagementClient/1.0.0.0"
        ]
      },
      "ResponseBody": "{\r\n  \"id\": \"/subscriptions/b80cf239-2c72-47ab-b309-b26aec4656b1/resourceGroups/azsmnet6426/providers/Microsoft.Search/searchServices/azs-4318\",\r\n  \"name\": \"azs-4318\",\r\n  \"type\": \"Microsoft.Search/searchServices\",\r\n  \"location\": \"West US\",\r\n  \"properties\": {\r\n    \"sku\": {\r\n      \"name\": \"free\"\r\n    },\r\n    \"replicaCount\": 1,\r\n    \"partitionCount\": 1,\r\n    \"status\": \"running\",\r\n    \"statusDetails\": null,\r\n    \"provisioningState\": \"succeeded\",\r\n    \"hostingMode\": \"Default\"\r\n  }\r\n}",
      "ResponseHeaders": {
        "Content-Length": [
          "387"
        ],
        "Content-Type": [
          "application/json; charset=utf-8"
        ],
        "Expires": [
          "-1"
        ],
        "Cache-Control": [
          "no-cache"
        ],
        "Date": [
          "Wed, 27 Apr 2016 22:34:51 GMT"
        ],
        "Pragma": [
          "no-cache"
        ],
        "ETag": [
          "W/\"datetime'2016-04-27T22%3A34%3A51.4305471Z'\""
        ],
        "request-id": [
          "1ec19600-d239-4da9-a343-d991a6c3b34f"
        ],
        "elapsed-time": [
          "4500"
        ],
        "Strict-Transport-Security": [
          "max-age=31536000; includeSubDomains"
        ],
        "X-AspNet-Version": [
          "4.0.30319"
        ],
        "x-ms-ratelimit-remaining-subscription-writes": [
          "1076"
        ],
        "x-ms-request-id": [
          "c2892cbe-5376-4903-95fe-23cd6d3ad406"
        ],
        "x-ms-correlation-request-id": [
          "c2892cbe-5376-4903-95fe-23cd6d3ad406"
        ],
        "x-ms-routing-request-id": [
          "CENTRALUS:20160427T223451Z:c2892cbe-5376-4903-95fe-23cd6d3ad406"
        ]
      },
      "StatusCode": 201
    },
    {
      "RequestUri": "/subscriptions/b80cf239-2c72-47ab-b309-b26aec4656b1/resourceGroups/azsmnet6426/providers/Microsoft.Search/searchServices/azs-4318/listAdminKeys?api-version=2015-02-28",
      "EncodedRequestUri": "L3N1YnNjcmlwdGlvbnMvYjgwY2YyMzktMmM3Mi00N2FiLWIzMDktYjI2YWVjNDY1NmIxL3Jlc291cmNlR3JvdXBzL2F6c21uZXQ2NDI2L3Byb3ZpZGVycy9NaWNyb3NvZnQuU2VhcmNoL3NlYXJjaFNlcnZpY2VzL2F6cy00MzE4L2xpc3RBZG1pbktleXM/YXBpLXZlcnNpb249MjAxNS0wMi0yOA==",
      "RequestMethod": "POST",
      "RequestBody": "",
      "RequestHeaders": {
        "x-ms-client-request-id": [
          "95f3df77-7527-44cf-8a05-3d0ed51d1b29"
        ],
        "accept-language": [
          "en-US"
        ],
        "User-Agent": [
          "Microsoft.Azure.Management.Search.SearchManagementClient/1.0.0.0"
        ]
      },
      "ResponseBody": "{\r\n  \"primaryKey\": \"7FE9495640B579B66A8271D84D09E8F9\",\r\n  \"secondaryKey\": \"D75E4BD133DCA6B8A64E902D78A8EFF9\"\r\n}",
      "ResponseHeaders": {
        "Content-Type": [
          "application/json; charset=utf-8"
        ],
        "Expires": [
          "-1"
        ],
        "Cache-Control": [
          "no-cache"
        ],
        "Date": [
          "Wed, 27 Apr 2016 22:34:52 GMT"
        ],
        "Pragma": [
          "no-cache"
        ],
        "Transfer-Encoding": [
          "chunked"
        ],
        "Vary": [
          "Accept-Encoding"
        ],
        "request-id": [
          "95f3df77-7527-44cf-8a05-3d0ed51d1b29"
        ],
        "elapsed-time": [
          "412"
        ],
        "Strict-Transport-Security": [
          "max-age=31536000; includeSubDomains"
        ],
        "X-AspNet-Version": [
          "4.0.30319"
        ],
        "x-ms-ratelimit-remaining-subscription-writes": [
          "1075"
        ],
        "x-ms-request-id": [
          "543a2525-ed49-40f3-a27e-af57d8ebf480"
        ],
        "x-ms-correlation-request-id": [
          "543a2525-ed49-40f3-a27e-af57d8ebf480"
        ],
        "x-ms-routing-request-id": [
          "CENTRALUS:20160427T223452Z:543a2525-ed49-40f3-a27e-af57d8ebf480"
        ]
      },
      "StatusCode": 200
    },
    {
      "RequestUri": "/subscriptions/b80cf239-2c72-47ab-b309-b26aec4656b1/resourceGroups/azsmnet6426/providers/Microsoft.Search/searchServices/azs-4318/listQueryKeys?api-version=2015-02-28",
      "EncodedRequestUri": "L3N1YnNjcmlwdGlvbnMvYjgwY2YyMzktMmM3Mi00N2FiLWIzMDktYjI2YWVjNDY1NmIxL3Jlc291cmNlR3JvdXBzL2F6c21uZXQ2NDI2L3Byb3ZpZGVycy9NaWNyb3NvZnQuU2VhcmNoL3NlYXJjaFNlcnZpY2VzL2F6cy00MzE4L2xpc3RRdWVyeUtleXM/YXBpLXZlcnNpb249MjAxNS0wMi0yOA==",
      "RequestMethod": "GET",
      "RequestBody": "",
      "RequestHeaders": {
        "x-ms-client-request-id": [
          "f327a5e8-2599-430b-ad15-a90ac8b9fe09"
        ],
        "accept-language": [
          "en-US"
        ],
        "User-Agent": [
          "Microsoft.Azure.Management.Search.SearchManagementClient/1.0.0.0"
        ]
      },
      "ResponseBody": "{\r\n  \"value\": [\r\n    {\r\n      \"name\": null,\r\n      \"key\": \"F3A57A6CFFF651E61B6C21E7755FF70D\"\r\n    }\r\n  ],\r\n  \"nextLink\": null\r\n}",
      "ResponseHeaders": {
        "Content-Type": [
          "application/json; charset=utf-8"
        ],
        "Expires": [
          "-1"
        ],
        "Cache-Control": [
          "no-cache"
        ],
        "Date": [
          "Wed, 27 Apr 2016 22:34:53 GMT"
        ],
        "Pragma": [
          "no-cache"
        ],
        "Transfer-Encoding": [
          "chunked"
        ],
        "Vary": [
          "Accept-Encoding"
        ],
        "request-id": [
          "f327a5e8-2599-430b-ad15-a90ac8b9fe09"
        ],
        "elapsed-time": [
          "300"
        ],
        "Strict-Transport-Security": [
          "max-age=31536000; includeSubDomains"
        ],
        "X-AspNet-Version": [
          "4.0.30319"
        ],
        "x-ms-ratelimit-remaining-subscription-reads": [
          "14984"
        ],
        "x-ms-request-id": [
          "919bc974-e20a-4831-a180-b5ac02e80616"
        ],
        "x-ms-correlation-request-id": [
          "919bc974-e20a-4831-a180-b5ac02e80616"
        ],
        "x-ms-routing-request-id": [
          "CENTRALUS:20160427T223453Z:919bc974-e20a-4831-a180-b5ac02e80616"
        ]
      },
      "StatusCode": 200
    },
    {
      "RequestUri": "/indexes?api-version=2015-02-28-Preview",
      "EncodedRequestUri": "L2luZGV4ZXM/YXBpLXZlcnNpb249MjAxNS0wMi0yOC1QcmV2aWV3",
      "RequestMethod": "POST",
      "RequestBody": "{\r\n  \"name\": \"azsmnet1098\",\r\n  \"fields\": [\r\n    {\r\n      \"type\": \"Edm.String\",\r\n      \"name\": \"hotelId\",\r\n      \"key\": true,\r\n      \"searchable\": false,\r\n      \"filterable\": true,\r\n      \"sortable\": true,\r\n      \"facetable\": true,\r\n      \"retrievable\": true\r\n    },\r\n    {\r\n      \"type\": \"Edm.Double\",\r\n      \"name\": \"baseRate\",\r\n      \"key\": false,\r\n      \"searchable\": false,\r\n      \"filterable\": true,\r\n      \"sortable\": true,\r\n      \"facetable\": true,\r\n      \"retrievable\": true\r\n    },\r\n    {\r\n      \"type\": \"Edm.String\",\r\n      \"name\": \"description\",\r\n      \"key\": false,\r\n      \"searchable\": true,\r\n      \"filterable\": false,\r\n      \"sortable\": false,\r\n      \"facetable\": false,\r\n      \"retrievable\": true\r\n    },\r\n    {\r\n      \"type\": \"Edm.String\",\r\n      \"analyzer\": \"fr.lucene\",\r\n      \"name\": \"descriptionFr\",\r\n      \"key\": false,\r\n      \"searchable\": true,\r\n      \"filterable\": false,\r\n      \"sortable\": false,\r\n      \"facetable\": false,\r\n      \"retrievable\": true\r\n    },\r\n    {\r\n      \"type\": \"Edm.String\",\r\n      \"name\": \"hotelName\",\r\n      \"key\": false,\r\n      \"searchable\": true,\r\n      \"filterable\": true,\r\n      \"sortable\": true,\r\n      \"facetable\": true,\r\n      \"retrievable\": true\r\n    },\r\n    {\r\n      \"type\": \"Edm.String\",\r\n      \"name\": \"category\",\r\n      \"key\": false,\r\n      \"searchable\": true,\r\n      \"filterable\": true,\r\n      \"sortable\": true,\r\n      \"facetable\": true,\r\n      \"retrievable\": true\r\n    },\r\n    {\r\n      \"type\": \"Collection(Edm.String)\",\r\n      \"name\": \"tags\",\r\n      \"key\": false,\r\n      \"searchable\": true,\r\n      \"filterable\": true,\r\n      \"sortable\": false,\r\n      \"facetable\": true,\r\n      \"retrievable\": true\r\n    },\r\n    {\r\n      \"type\": \"Edm.Boolean\",\r\n      \"name\": \"parkingIncluded\",\r\n      \"key\": false,\r\n      \"searchable\": false,\r\n      \"filterable\": true,\r\n      \"sortable\": true,\r\n      \"facetable\": true,\r\n      \"retrievable\": true\r\n    },\r\n    {\r\n      \"type\": \"Edm.Boolean\",\r\n      \"name\": \"smokingAllowed\",\r\n      \"key\": false,\r\n      \"searchable\": false,\r\n      \"filterable\": true,\r\n      \"sortable\": true,\r\n      \"facetable\": true,\r\n      \"retrievable\": true\r\n    },\r\n    {\r\n      \"type\": \"Edm.DateTimeOffset\",\r\n      \"name\": \"lastRenovationDate\",\r\n      \"key\": false,\r\n      \"searchable\": false,\r\n      \"filterable\": true,\r\n      \"sortable\": true,\r\n      \"facetable\": true,\r\n      \"retrievable\": true\r\n    },\r\n    {\r\n      \"type\": \"Edm.Int32\",\r\n      \"name\": \"rating\",\r\n      \"key\": false,\r\n      \"searchable\": false,\r\n      \"filterable\": true,\r\n      \"sortable\": true,\r\n      \"facetable\": true,\r\n      \"retrievable\": true\r\n    },\r\n    {\r\n      \"type\": \"Edm.GeographyPoint\",\r\n      \"name\": \"location\",\r\n      \"key\": false,\r\n      \"searchable\": false,\r\n      \"filterable\": true,\r\n      \"sortable\": true,\r\n      \"facetable\": false,\r\n      \"retrievable\": true\r\n    }\r\n  ],\r\n  \"scoringProfiles\": [\r\n    {\r\n      \"name\": \"nearest\",\r\n      \"functions\": [\r\n        {\r\n          \"type\": \"distance\",\r\n          \"distance\": {\r\n            \"referencePointParameter\": \"myloc\",\r\n            \"boostingDistance\": 100.0\r\n          },\r\n          \"fieldName\": \"location\",\r\n          \"boost\": 2.0\r\n        }\r\n      ],\r\n      \"functionAggregation\": \"sum\"\r\n    }\r\n  ],\r\n  \"suggesters\": [\r\n    {\r\n      \"name\": \"sg\",\r\n      \"searchMode\": \"analyzingInfixMatching\",\r\n      \"sourceFields\": [\r\n        \"description\",\r\n        \"hotelName\"\r\n      ]\r\n    }\r\n  ]\r\n}",
      "RequestHeaders": {
        "Content-Type": [
          "application/json; charset=utf-8"
        ],
        "Content-Length": [
          "3401"
        ],
        "x-ms-client-request-id": [
          "199e2165-0c81-4832-813c-1765afd81171"
        ],
        "accept-language": [
          "en-US"
        ],
        "api-key": [
          "7FE9495640B579B66A8271D84D09E8F9"
        ],
        "Prefer": [
          "return=representation"
        ],
        "User-Agent": [
          "Microsoft.Azure.Search.SearchServiceClient/2.0.0.0"
        ]
      },
      "ResponseBody": "{\r\n  \"@odata.context\": \"https://azs-4318.search-dogfood.windows-int.net/$metadata#indexes/$entity\",\r\n  \"name\": \"azsmnet1098\",\r\n  \"fields\": [\r\n    {\r\n      \"name\": \"hotelId\",\r\n      \"type\": \"Edm.String\",\r\n      \"searchable\": false,\r\n      \"filterable\": true,\r\n      \"retrievable\": true,\r\n      \"sortable\": true,\r\n      \"facetable\": true,\r\n      \"key\": true,\r\n      \"indexAnalyzer\": null,\r\n      \"searchAnalyzer\": null,\r\n      \"analyzer\": null\r\n    },\r\n    {\r\n      \"name\": \"baseRate\",\r\n      \"type\": \"Edm.Double\",\r\n      \"searchable\": false,\r\n      \"filterable\": true,\r\n      \"retrievable\": true,\r\n      \"sortable\": true,\r\n      \"facetable\": true,\r\n      \"key\": false,\r\n      \"indexAnalyzer\": null,\r\n      \"searchAnalyzer\": null,\r\n      \"analyzer\": null\r\n    },\r\n    {\r\n      \"name\": \"description\",\r\n      \"type\": \"Edm.String\",\r\n      \"searchable\": true,\r\n      \"filterable\": false,\r\n      \"retrievable\": true,\r\n      \"sortable\": false,\r\n      \"facetable\": false,\r\n      \"key\": false,\r\n      \"indexAnalyzer\": null,\r\n      \"searchAnalyzer\": null,\r\n      \"analyzer\": null\r\n    },\r\n    {\r\n      \"name\": \"descriptionFr\",\r\n      \"type\": \"Edm.String\",\r\n      \"searchable\": true,\r\n      \"filterable\": false,\r\n      \"retrievable\": true,\r\n      \"sortable\": false,\r\n      \"facetable\": false,\r\n      \"key\": false,\r\n      \"indexAnalyzer\": null,\r\n      \"searchAnalyzer\": null,\r\n      \"analyzer\": \"fr.lucene\"\r\n    },\r\n    {\r\n      \"name\": \"hotelName\",\r\n      \"type\": \"Edm.String\",\r\n      \"searchable\": true,\r\n      \"filterable\": true,\r\n      \"retrievable\": true,\r\n      \"sortable\": true,\r\n      \"facetable\": true,\r\n      \"key\": false,\r\n      \"indexAnalyzer\": null,\r\n      \"searchAnalyzer\": null,\r\n      \"analyzer\": null\r\n    },\r\n    {\r\n      \"name\": \"category\",\r\n      \"type\": \"Edm.String\",\r\n      \"searchable\": true,\r\n      \"filterable\": true,\r\n      \"retrievable\": true,\r\n      \"sortable\": true,\r\n      \"facetable\": true,\r\n      \"key\": false,\r\n      \"indexAnalyzer\": null,\r\n      \"searchAnalyzer\": null,\r\n      \"analyzer\": null\r\n    },\r\n    {\r\n      \"name\": \"tags\",\r\n      \"type\": \"Collection(Edm.String)\",\r\n      \"searchable\": true,\r\n      \"filterable\": true,\r\n      \"retrievable\": true,\r\n      \"sortable\": false,\r\n      \"facetable\": true,\r\n      \"key\": false,\r\n      \"indexAnalyzer\": null,\r\n      \"searchAnalyzer\": null,\r\n      \"analyzer\": null\r\n    },\r\n    {\r\n      \"name\": \"parkingIncluded\",\r\n      \"type\": \"Edm.Boolean\",\r\n      \"searchable\": false,\r\n      \"filterable\": true,\r\n      \"retrievable\": true,\r\n      \"sortable\": true,\r\n      \"facetable\": true,\r\n      \"key\": false,\r\n      \"indexAnalyzer\": null,\r\n      \"searchAnalyzer\": null,\r\n      \"analyzer\": null\r\n    },\r\n    {\r\n      \"name\": \"smokingAllowed\",\r\n      \"type\": \"Edm.Boolean\",\r\n      \"searchable\": false,\r\n      \"filterable\": true,\r\n      \"retrievable\": true,\r\n      \"sortable\": true,\r\n      \"facetable\": true,\r\n      \"key\": false,\r\n      \"indexAnalyzer\": null,\r\n      \"searchAnalyzer\": null,\r\n      \"analyzer\": null\r\n    },\r\n    {\r\n      \"name\": \"lastRenovationDate\",\r\n      \"type\": \"Edm.DateTimeOffset\",\r\n      \"searchable\": false,\r\n      \"filterable\": true,\r\n      \"retrievable\": true,\r\n      \"sortable\": true,\r\n      \"facetable\": true,\r\n      \"key\": false,\r\n      \"indexAnalyzer\": null,\r\n      \"searchAnalyzer\": null,\r\n      \"analyzer\": null\r\n    },\r\n    {\r\n      \"name\": \"rating\",\r\n      \"type\": \"Edm.Int32\",\r\n      \"searchable\": false,\r\n      \"filterable\": true,\r\n      \"retrievable\": true,\r\n      \"sortable\": true,\r\n      \"facetable\": true,\r\n      \"key\": false,\r\n      \"indexAnalyzer\": null,\r\n      \"searchAnalyzer\": null,\r\n      \"analyzer\": null\r\n    },\r\n    {\r\n      \"name\": \"location\",\r\n      \"type\": \"Edm.GeographyPoint\",\r\n      \"searchable\": false,\r\n      \"filterable\": true,\r\n      \"retrievable\": true,\r\n      \"sortable\": true,\r\n      \"facetable\": false,\r\n      \"key\": false,\r\n      \"indexAnalyzer\": null,\r\n      \"searchAnalyzer\": null,\r\n      \"analyzer\": null\r\n    }\r\n  ],\r\n  \"scoringProfiles\": [\r\n    {\r\n      \"name\": \"nearest\",\r\n      \"text\": null,\r\n      \"functions\": [\r\n        {\r\n          \"fieldName\": \"location\",\r\n          \"freshness\": null,\r\n          \"interpolation\": \"linear\",\r\n          \"magnitude\": null,\r\n          \"distance\": {\r\n            \"referencePointParameter\": \"myloc\",\r\n            \"boostingDistance\": 100.0\r\n          },\r\n          \"tag\": null,\r\n          \"type\": \"distance\",\r\n          \"boost\": 2.0\r\n        }\r\n      ],\r\n      \"functionAggregation\": \"sum\"\r\n    }\r\n  ],\r\n  \"defaultScoringProfile\": null,\r\n  \"corsOptions\": null,\r\n  \"suggesters\": [\r\n    {\r\n      \"name\": \"sg\",\r\n      \"searchMode\": \"analyzingInfixMatching\",\r\n      \"sourceFields\": [\r\n        \"description\",\r\n        \"hotelName\"\r\n      ]\r\n    }\r\n  ],\r\n  \"analyzers\": [],\r\n  \"tokenizers\": [],\r\n  \"tokenFilters\": [],\r\n  \"charFilters\": []\r\n}",
      "ResponseHeaders": {
        "Content-Length": [
          "3103"
        ],
        "Content-Type": [
          "application/json; odata.metadata=minimal"
        ],
        "Expires": [
          "-1"
        ],
        "Cache-Control": [
          "no-cache"
        ],
        "Date": [
          "Wed, 27 Apr 2016 22:34:53 GMT"
        ],
        "Pragma": [
          "no-cache"
        ],
        "ETag": [
          "W/\"0x8D36EEC27862FEE\""
        ],
        "Location": [
          "https://azs-4318.search-dogfood.windows-int.net/indexes('azsmnet1098')?api-version=2015-02-28-Preview"
        ],
        "request-id": [
          "199e2165-0c81-4832-813c-1765afd81171"
        ],
        "elapsed-time": [
          "908"
        ],
        "OData-Version": [
          "4.0"
        ],
        "Preference-Applied": [
          "odata.include-annotations=\"*\""
        ],
        "Strict-Transport-Security": [
          "max-age=15724800; includeSubDomains"
        ]
      },
      "StatusCode": 201
    },
    {
      "RequestUri": "/indexes('azsmnet1098')/docs/search.index?api-version=2015-02-28-Preview",
      "EncodedRequestUri": "L2luZGV4ZXMoJ2F6c21uZXQxMDk4JykvZG9jcy9zZWFyY2guaW5kZXg/YXBpLXZlcnNpb249MjAxNS0wMi0yOC1QcmV2aWV3",
      "RequestMethod": "POST",
      "RequestBody": "{\r\n  \"value\": [\r\n    {\r\n      \"@search.action\": \"upload\",\r\n      \"hotelId\": \"1\",\r\n      \"baseRate\": 199.0,\r\n      \"description\": \"Best hotel in town if you like luxury hotels. They have an amazing infinity pool, a spa, and a really helpful concierge. The location is perfect -- right downtown, close to all the tourist attractions. We highly recommend this hotel.\",\r\n      \"descriptionFr\": \"Meilleur hôtel en ville si vous aimez les hôtels de luxe. Ils ont une magnifique piscine à débordement, un spa et un concierge très utile. L'emplacement est parfait – en plein centre, à proximité de toutes les attractions touristiques. Nous recommandons fortement cet hôtel.\",\r\n      \"hotelName\": \"Fancy Stay\",\r\n      \"category\": \"Luxury\",\r\n      \"tags\": [\r\n        \"pool\",\r\n        \"view\",\r\n        \"wifi\",\r\n        \"concierge\"\r\n      ],\r\n      \"parkingIncluded\": false,\r\n      \"smokingAllowed\": false,\r\n      \"lastRenovationDate\": \"2010-06-26T17:00:00-07:00\",\r\n      \"rating\": 5,\r\n      \"location\": {\r\n        \"type\": \"Point\",\r\n        \"coordinates\": [\r\n          -122.131577,\r\n          47.678581\r\n        ]\r\n      }\r\n    },\r\n    {\r\n      \"@search.action\": \"upload\",\r\n      \"hotelId\": \"2\",\r\n      \"baseRate\": 79.99,\r\n      \"description\": \"Cheapest hotel in town\",\r\n      \"descriptionFr\": \"Hôtel le moins cher en ville\",\r\n      \"hotelName\": \"Roach Motel\",\r\n      \"category\": \"Budget\",\r\n      \"tags\": [\r\n        \"motel\",\r\n        \"budget\"\r\n      ],\r\n      \"parkingIncluded\": true,\r\n      \"smokingAllowed\": true,\r\n      \"lastRenovationDate\": \"1982-04-27T17:00:00-07:00\",\r\n      \"rating\": 1,\r\n      \"location\": {\r\n        \"type\": \"Point\",\r\n        \"coordinates\": [\r\n          -122.131577,\r\n          49.678581\r\n        ]\r\n      }\r\n    },\r\n    {\r\n      \"@search.action\": \"upload\",\r\n      \"hotelId\": \"3\",\r\n      \"baseRate\": 129.99,\r\n      \"description\": \"Most popular hotel in town\",\r\n      \"descriptionFr\": \"Hôtel le plus populaire en ville\",\r\n      \"hotelName\": \"EconoStay\",\r\n      \"category\": \"Budget\",\r\n      \"tags\": [\r\n        \"wifi\",\r\n        \"budget\"\r\n      ],\r\n      \"parkingIncluded\": true,\r\n      \"smokingAllowed\": false,\r\n      \"lastRenovationDate\": \"1995-06-30T17:00:00-07:00\",\r\n      \"rating\": 4,\r\n      \"location\": {\r\n        \"type\": \"Point\",\r\n        \"coordinates\": [\r\n          -122.131577,\r\n          46.678581\r\n        ]\r\n      }\r\n    },\r\n    {\r\n      \"@search.action\": \"upload\",\r\n      \"hotelId\": \"4\",\r\n      \"baseRate\": 129.99,\r\n      \"description\": \"Pretty good hotel\",\r\n      \"descriptionFr\": \"Assez bon hôtel\",\r\n      \"hotelName\": \"Express Rooms\",\r\n      \"category\": \"Budget\",\r\n      \"tags\": [\r\n        \"wifi\",\r\n        \"budget\"\r\n      ],\r\n      \"parkingIncluded\": true,\r\n      \"smokingAllowed\": false,\r\n      \"lastRenovationDate\": \"1995-06-30T17:00:00-07:00\",\r\n      \"rating\": 4,\r\n      \"location\": {\r\n        \"type\": \"Point\",\r\n        \"coordinates\": [\r\n          -122.131577,\r\n          48.678581\r\n        ]\r\n      }\r\n    },\r\n    {\r\n      \"@search.action\": \"upload\",\r\n      \"hotelId\": \"5\",\r\n      \"baseRate\": 129.99,\r\n      \"description\": \"Another good hotel\",\r\n      \"descriptionFr\": \"Un autre bon hôtel\",\r\n      \"hotelName\": \"Comfy Place\",\r\n      \"category\": \"Budget\",\r\n      \"tags\": [\r\n        \"wifi\",\r\n        \"budget\"\r\n      ],\r\n      \"parkingIncluded\": true,\r\n      \"smokingAllowed\": false,\r\n      \"lastRenovationDate\": \"2012-08-11T17:00:00-07:00\",\r\n      \"rating\": 4,\r\n      \"location\": {\r\n        \"type\": \"Point\",\r\n        \"coordinates\": [\r\n          -122.131577,\r\n          48.678581\r\n        ]\r\n      }\r\n    },\r\n    {\r\n      \"@search.action\": \"upload\",\r\n      \"hotelId\": \"6\",\r\n      \"baseRate\": 279.99,\r\n      \"description\": \"Surprisingly expensive\"\r\n    }\r\n  ]\r\n}",
      "RequestHeaders": {
        "Content-Type": [
          "application/json; charset=utf-8"
        ],
        "Content-Length": [
          "3701"
        ],
        "accept-language": [
          "en-US"
        ],
        "Accept": [
          "application/json; odata.metadata=none"
        ],
        "api-key": [
          "7FE9495640B579B66A8271D84D09E8F9"
        ],
        "Prefer": [
          "return=representation"
        ],
        "User-Agent": [
          "Microsoft.Azure.Search.SearchIndexClient/2.0.0.0"
        ]
      },
      "ResponseBody": "{\r\n  \"value\": [\r\n    {\r\n      \"key\": \"1\",\r\n      \"status\": true,\r\n      \"errorMessage\": null,\r\n      \"statusCode\": 201\r\n    },\r\n    {\r\n      \"key\": \"2\",\r\n      \"status\": true,\r\n      \"errorMessage\": null,\r\n      \"statusCode\": 201\r\n    },\r\n    {\r\n      \"key\": \"3\",\r\n      \"status\": true,\r\n      \"errorMessage\": null,\r\n      \"statusCode\": 201\r\n    },\r\n    {\r\n      \"key\": \"4\",\r\n      \"status\": true,\r\n      \"errorMessage\": null,\r\n      \"statusCode\": 201\r\n    },\r\n    {\r\n      \"key\": \"5\",\r\n      \"status\": true,\r\n      \"errorMessage\": null,\r\n      \"statusCode\": 201\r\n    },\r\n    {\r\n      \"key\": \"6\",\r\n      \"status\": true,\r\n      \"errorMessage\": null,\r\n      \"statusCode\": 201\r\n    }\r\n  ]\r\n}",
      "ResponseHeaders": {
        "Content-Length": [
          "389"
        ],
        "Content-Type": [
          "application/json; odata.metadata=none"
        ],
        "Expires": [
          "-1"
        ],
        "Cache-Control": [
          "no-cache"
        ],
        "Date": [
          "Wed, 27 Apr 2016 22:35:13 GMT"
        ],
        "Pragma": [
          "no-cache"
        ],
        "request-id": [
          "2dec2c3d-8b64-4453-b1fd-5df1fe675770"
        ],
        "elapsed-time": [
          "204"
        ],
        "OData-Version": [
          "4.0"
        ],
        "Preference-Applied": [
          "odata.include-annotations=\"*\""
        ],
        "Strict-Transport-Security": [
          "max-age=15724800; includeSubDomains"
        ]
      },
      "StatusCode": 200
    },
    {
      "RequestUri": "/indexes('azsmnet1098')/docs/search.post.suggest?api-version=2015-02-28-Preview",
      "EncodedRequestUri": "L2luZGV4ZXMoJ2F6c21uZXQxMDk4JykvZG9jcy9zZWFyY2gucG9zdC5zdWdnZXN0P2FwaS12ZXJzaW9uPTIwMTUtMDItMjgtUHJldmlldw==",
      "RequestMethod": "POST",
      "RequestBody": "{\r\n  \"fuzzy\": false,\r\n  \"orderby\": \"hotelId\",\r\n  \"search\": \"hotel\",\r\n  \"select\": \"*\",\r\n  \"suggesterName\": \"sg\",\r\n  \"top\": 3\r\n}",
      "RequestHeaders": {
        "Content-Type": [
          "application/json; charset=utf-8"
        ],
        "Content-Length": [
          "126"
        ],
        "accept-language": [
          "en-US"
        ],
        "Accept": [
          "application/json; odata.metadata=none"
        ],
        "api-key": [
          "F3A57A6CFFF651E61B6C21E7755FF70D"
        ],
        "Prefer": [
          "return=representation"
        ],
        "User-Agent": [
          "Microsoft.Azure.Search.SearchIndexClient/2.0.0.0"
        ]
      },
      "ResponseBody": "{\"value\":[{\"@search.text\":\"Best hotel in town if you like luxury hotels. They have an amazing infinity pool, a spa, and a really helpful concierge. The location is perfect -- right downtown, close to all the tourist attractions. We highly recommend this hotel.\",\"hotelId\":\"1\",\"baseRate\":199.0,\"description\":\"Best hotel in town if you like luxury hotels. They have an amazing infinity pool, a spa, and a really helpful concierge. The location is perfect -- right downtown, close to all the tourist attractions. We highly recommend this hotel.\",\"descriptionFr\":\"Meilleur h\\u00f4tel en ville si vous aimez les h\\u00f4tels de luxe. Ils ont une magnifique piscine \\u00e0 d\\u00e9bordement, un spa et un concierge tr\\u00e8s utile. L'emplacement est parfait \\u2013 en plein centre, \\u00e0 proximit\\u00e9 de toutes les attractions touristiques. Nous recommandons fortement cet h\\u00f4tel.\",\"hotelName\":\"Fancy Stay\",\"category\":\"Luxury\",\"tags\":[\"pool\",\"view\",\"wifi\",\"concierge\"],\"parkingIncluded\":false,\"smokingAllowed\":false,\"lastRenovationDate\":\"2010-06-27T00:00:00Z\",\"rating\":5,\"location\":{\"type\":\"Point\",\"coordinates\":[-122.131577,47.678581],\"crs\":{\"type\":\"name\",\"properties\":{\"name\":\"EPSG:4326\"}}}},{\"@search.text\":\"Cheapest hotel in town\",\"hotelId\":\"2\",\"baseRate\":79.99,\"description\":\"Cheapest hotel in town\",\"descriptionFr\":\"H\\u00f4tel le moins cher en ville\",\"hotelName\":\"Roach Motel\",\"category\":\"Budget\",\"tags\":[\"motel\",\"budget\"],\"parkingIncluded\":true,\"smokingAllowed\":true,\"lastRenovationDate\":\"1982-04-28T00:00:00Z\",\"rating\":1,\"location\":{\"type\":\"Point\",\"coordinates\":[-122.131577,49.678581],\"crs\":{\"type\":\"name\",\"properties\":{\"name\":\"EPSG:4326\"}}}},{\"@search.text\":\"Most popular hotel in town\",\"hotelId\":\"3\",\"baseRate\":129.99,\"description\":\"Most popular hotel in town\",\"descriptionFr\":\"H\\u00f4tel le plus populaire en ville\",\"hotelName\":\"EconoStay\",\"category\":\"Budget\",\"tags\":[\"wifi\",\"budget\"],\"parkingIncluded\":true,\"smokingAllowed\":false,\"lastRenovationDate\":\"1995-07-01T00:00:00Z\",\"rating\":4,\"location\":{\"type\":\"Point\",\"coordinates\":[-122.131577,46.678581],\"crs\":{\"type\":\"name\",\"properties\":{\"name\":\"EPSG:4326\"}}}}]}",
      "ResponseHeaders": {
        "Content-Length": [
          "2121"
        ],
        "Content-Type": [
          "application/json; odata.metadata=none"
        ],
        "Expires": [
          "-1"
        ],
        "Cache-Control": [
          "no-cache"
        ],
        "Date": [
          "Wed, 27 Apr 2016 22:35:15 GMT"
        ],
        "Pragma": [
          "no-cache"
        ],
        "request-id": [
          "eebe6a20-9cdf-46f3-ab73-8551eda8109b"
        ],
        "elapsed-time": [
          "420"
        ],
        "OData-Version": [
          "4.0"
        ],
        "Preference-Applied": [
          "odata.include-annotations=\"*\""
        ],
        "Strict-Transport-Security": [
          "max-age=15724800; includeSubDomains"
        ]
      },
      "StatusCode": 200
    },
    {
      "RequestUri": "/subscriptions/b80cf239-2c72-47ab-b309-b26aec4656b1/resourceGroups/azsmnet6426/providers/Microsoft.Search/searchServices/azs-4318?api-version=2015-02-28",
      "EncodedRequestUri": "L3N1YnNjcmlwdGlvbnMvYjgwY2YyMzktMmM3Mi00N2FiLWIzMDktYjI2YWVjNDY1NmIxL3Jlc291cmNlR3JvdXBzL2F6c21uZXQ2NDI2L3Byb3ZpZGVycy9NaWNyb3NvZnQuU2VhcmNoL3NlYXJjaFNlcnZpY2VzL2F6cy00MzE4P2FwaS12ZXJzaW9uPTIwMTUtMDItMjg=",
      "RequestMethod": "DELETE",
      "RequestBody": "",
      "RequestHeaders": {
        "x-ms-client-request-id": [
          "f002cfb9-161c-45d5-8d02-10c158131a5c"
        ],
        "accept-language": [
          "en-US"
        ],
        "User-Agent": [
          "Microsoft.Azure.Management.Search.SearchManagementClient/1.0.0.0"
        ]
      },
      "ResponseBody": "",
      "ResponseHeaders": {
        "Content-Length": [
          "0"
        ],
        "Expires": [
          "-1"
        ],
        "Cache-Control": [
          "no-cache"
        ],
        "Date": [
          "Wed, 27 Apr 2016 22:35:19 GMT"
        ],
        "Pragma": [
          "no-cache"
        ],
        "request-id": [
          "f002cfb9-161c-45d5-8d02-10c158131a5c"
        ],
        "elapsed-time": [
          "492"
        ],
        "Strict-Transport-Security": [
          "max-age=31536000; includeSubDomains"
        ],
        "X-AspNet-Version": [
          "4.0.30319"
        ],
        "x-ms-ratelimit-remaining-subscription-writes": [
          "1074"
        ],
        "x-ms-request-id": [
          "01dbae35-c01f-4d75-b031-bd4f4a7eea21"
        ],
        "x-ms-correlation-request-id": [
          "01dbae35-c01f-4d75-b031-bd4f4a7eea21"
        ],
        "x-ms-routing-request-id": [
          "CENTRALUS:20160427T223520Z:01dbae35-c01f-4d75-b031-bd4f4a7eea21"
        ]
      },
      "StatusCode": 200
    }
  ],
  "Names": {
    "GenerateName": [
      "azsmnet6426",
      "azsmnet1098"
    ],
    "GenerateServiceName": [
      "azs-4318"
    ]
  },
  "Variables": {
    "SubscriptionId": "b80cf239-2c72-47ab-b309-b26aec4656b1"
  }
}