{
  "Entries": [
    {
      "RequestUri": "/subscriptions/bab08e11-7b12-4354-9fd1-4b5d64d40b68/resourceGroups/Api-Default-CentralUS/providers/Microsoft.ApiManagement/service/sdktestservice?api-version=2019-01-01",
      "EncodedRequestUri": "L3N1YnNjcmlwdGlvbnMvYmFiMDhlMTEtN2IxMi00MzU0LTlmZDEtNGI1ZDY0ZDQwYjY4L3Jlc291cmNlR3JvdXBzL0FwaS1EZWZhdWx0LUNlbnRyYWxVUy9wcm92aWRlcnMvTWljcm9zb2Z0LkFwaU1hbmFnZW1lbnQvc2VydmljZS9zZGt0ZXN0c2VydmljZT9hcGktdmVyc2lvbj0yMDE5LTAxLTAx",
      "RequestMethod": "PUT",
      "RequestBody": "{\r\n  \"properties\": {\r\n    \"publisherEmail\": \"apim@autorestsdk.com\",\r\n    \"publisherName\": \"autorestsdk\"\r\n  },\r\n  \"sku\": {\r\n    \"name\": \"Developer\",\r\n    \"capacity\": 1\r\n  },\r\n  \"location\": \"CentralUS\",\r\n  \"tags\": {\r\n    \"tag1\": \"value1\",\r\n    \"tag2\": \"value2\",\r\n    \"tag3\": \"value3\"\r\n  }\r\n}",
      "RequestHeaders": {
        "x-ms-client-request-id": [
          "5248e3f9-ef09-47b0-bc4c-7f113f052d64"
        ],
        "Accept-Language": [
          "en-US"
        ],
        "User-Agent": [
          "FxVersion/4.6.27817.01",
          "OSName/Windows",
          "OSVersion/Microsoft.Windows.10.0.18362.",
          "Microsoft.Azure.Management.ApiManagement.ApiManagementClient/4.11.0.0"
        ],
        "Content-Type": [
          "application/json; charset=utf-8"
        ],
        "Content-Length": [
          "289"
        ]
      },
      "ResponseHeaders": {
        "Cache-Control": [
          "no-cache"
        ],
        "Pragma": [
          "no-cache"
        ],
        "ETag": [
          "\"AAAAAAGq904=\""
        ],
        "Strict-Transport-Security": [
          "max-age=31536000; includeSubDomains"
        ],
        "x-ms-request-id": [
          "fb9cc0c2-2979-4ad0-b1fc-e514a8eb8f91",
          "c8fd2e79-f46e-45a4-afa5-3e6ec584ce63"
        ],
        "Server": [
          "Microsoft-HTTPAPI/2.0"
        ],
        "x-ms-ratelimit-remaining-subscription-writes": [
          "1199"
        ],
        "x-ms-correlation-request-id": [
          "5b1341c3-4ccf-4f79-a61e-712cc551db68"
        ],
        "x-ms-routing-request-id": [
          "WESTUS:20190823T153050Z:5b1341c3-4ccf-4f79-a61e-712cc551db68"
        ],
        "X-Content-Type-Options": [
          "nosniff"
        ],
        "Date": [
          "Fri, 23 Aug 2019 15:30:49 GMT"
        ],
        "Content-Length": [
          "2117"
        ],
        "Content-Type": [
          "application/json; charset=utf-8"
        ],
        "Expires": [
          "-1"
        ]
      },
      "ResponseBody": "{\r\n  \"id\": \"/subscriptions/bab08e11-7b12-4354-9fd1-4b5d64d40b68/resourceGroups/Api-Default-CentralUS/providers/Microsoft.ApiManagement/service/sdktestservice\",\r\n  \"name\": \"sdktestservice\",\r\n  \"type\": \"Microsoft.ApiManagement/service\",\r\n  \"tags\": {\r\n    \"tag1\": \"value1\",\r\n    \"tag2\": \"value2\",\r\n    \"tag3\": \"value3\"\r\n  },\r\n  \"location\": \"Central US\",\r\n  \"etag\": \"AAAAAAGq904=\",\r\n  \"properties\": {\r\n    \"publisherEmail\": \"apim@autorestsdk.com\",\r\n    \"publisherName\": \"autorestsdk\",\r\n    \"notificationSenderEmail\": \"apimgmt-noreply@mail.windowsazure.com\",\r\n    \"provisioningState\": \"Succeeded\",\r\n    \"targetProvisioningState\": \"\",\r\n    \"createdAtUtc\": \"2019-08-23T10:23:03.7042803Z\",\r\n    \"gatewayUrl\": \"https://sdktestservice.azure-api.net\",\r\n    \"gatewayRegionalUrl\": \"https://sdktestservice-centralus-01.regional.azure-api.net\",\r\n    \"portalUrl\": \"https://sdktestservice.portal.azure-api.net\",\r\n    \"developerPortalUrl\": \"https://sdktestservice.developer.azure-api.net\",\r\n    \"managementApiUrl\": \"https://sdktestservice.management.azure-api.net\",\r\n    \"scmUrl\": \"https://sdktestservice.scm.azure-api.net\",\r\n    \"hostnameConfigurations\": [\r\n      {\r\n        \"type\": \"Proxy\",\r\n        \"hostName\": \"sdktestservice.azure-api.net\",\r\n        \"encodedCertificate\": null,\r\n        \"keyVaultId\": null,\r\n        \"certificatePassword\": null,\r\n        \"negotiateClientCertificate\": false,\r\n        \"certificate\": null,\r\n        \"defaultSslBinding\": true\r\n      }\r\n    ],\r\n    \"publicIPAddresses\": [\r\n      \"104.43.169.82\"\r\n    ],\r\n    \"privateIPAddresses\": null,\r\n    \"additionalLocations\": null,\r\n    \"virtualNetworkConfiguration\": null,\r\n    \"customProperties\": {\r\n      \"Microsoft.WindowsAzure.ApiManagement.Gateway.Security.Protocols.Tls10\": \"False\",\r\n      \"Microsoft.WindowsAzure.ApiManagement.Gateway.Security.Protocols.Tls11\": \"False\",\r\n      \"Microsoft.WindowsAzure.ApiManagement.Gateway.Security.Protocols.Ssl30\": \"False\",\r\n      \"Microsoft.WindowsAzure.ApiManagement.Gateway.Security.Ciphers.TripleDes168\": \"False\",\r\n      \"Microsoft.WindowsAzure.ApiManagement.Gateway.Security.Backend.Protocols.Tls10\": \"False\",\r\n      \"Microsoft.WindowsAzure.ApiManagement.Gateway.Security.Backend.Protocols.Tls11\": \"False\",\r\n      \"Microsoft.WindowsAzure.ApiManagement.Gateway.Security.Backend.Protocols.Ssl30\": \"False\",\r\n      \"Microsoft.WindowsAzure.ApiManagement.Gateway.Protocols.Server.Http2\": \"False\"\r\n    },\r\n    \"virtualNetworkType\": \"None\",\r\n    \"certificates\": null\r\n  },\r\n  \"sku\": {\r\n    \"name\": \"Developer\",\r\n    \"capacity\": 1\r\n  },\r\n  \"identity\": null\r\n}",
      "StatusCode": 200
    },
    {
      "RequestUri": "/subscriptions/bab08e11-7b12-4354-9fd1-4b5d64d40b68/resourceGroups/Api-Default-CentralUS/providers/Microsoft.ApiManagement/service/sdktestservice?api-version=2019-01-01",
      "EncodedRequestUri": "L3N1YnNjcmlwdGlvbnMvYmFiMDhlMTEtN2IxMi00MzU0LTlmZDEtNGI1ZDY0ZDQwYjY4L3Jlc291cmNlR3JvdXBzL0FwaS1EZWZhdWx0LUNlbnRyYWxVUy9wcm92aWRlcnMvTWljcm9zb2Z0LkFwaU1hbmFnZW1lbnQvc2VydmljZS9zZGt0ZXN0c2VydmljZT9hcGktdmVyc2lvbj0yMDE5LTAxLTAx",
      "RequestMethod": "GET",
      "RequestBody": "",
      "RequestHeaders": {
        "x-ms-client-request-id": [
          "b535baeb-7e6e-40dc-a391-ff7d29cc3ca5"
        ],
        "Accept-Language": [
          "en-US"
        ],
        "User-Agent": [
          "FxVersion/4.6.27817.01",
          "OSName/Windows",
          "OSVersion/Microsoft.Windows.10.0.18362.",
          "Microsoft.Azure.Management.ApiManagement.ApiManagementClient/4.11.0.0"
        ]
      },
      "ResponseHeaders": {
        "Cache-Control": [
          "no-cache"
        ],
        "Pragma": [
          "no-cache"
        ],
        "ETag": [
          "\"AAAAAAGq904=\""
        ],
        "Strict-Transport-Security": [
          "max-age=31536000; includeSubDomains"
        ],
        "x-ms-request-id": [
          "f5ba14df-d0c7-41af-b2e1-e435f376e56b"
        ],
        "Server": [
          "Microsoft-HTTPAPI/2.0"
        ],
        "x-ms-ratelimit-remaining-subscription-reads": [
          "11999"
        ],
        "x-ms-correlation-request-id": [
          "eb39227c-c0c9-4086-b884-6208bd80549a"
        ],
        "x-ms-routing-request-id": [
          "WESTUS:20190823T153050Z:eb39227c-c0c9-4086-b884-6208bd80549a"
        ],
        "X-Content-Type-Options": [
          "nosniff"
        ],
        "Date": [
          "Fri, 23 Aug 2019 15:30:50 GMT"
        ],
        "Content-Length": [
          "2117"
        ],
        "Content-Type": [
          "application/json; charset=utf-8"
        ],
        "Expires": [
          "-1"
        ]
      },
      "ResponseBody": "{\r\n  \"id\": \"/subscriptions/bab08e11-7b12-4354-9fd1-4b5d64d40b68/resourceGroups/Api-Default-CentralUS/providers/Microsoft.ApiManagement/service/sdktestservice\",\r\n  \"name\": \"sdktestservice\",\r\n  \"type\": \"Microsoft.ApiManagement/service\",\r\n  \"tags\": {\r\n    \"tag1\": \"value1\",\r\n    \"tag2\": \"value2\",\r\n    \"tag3\": \"value3\"\r\n  },\r\n  \"location\": \"Central US\",\r\n  \"etag\": \"AAAAAAGq904=\",\r\n  \"properties\": {\r\n    \"publisherEmail\": \"apim@autorestsdk.com\",\r\n    \"publisherName\": \"autorestsdk\",\r\n    \"notificationSenderEmail\": \"apimgmt-noreply@mail.windowsazure.com\",\r\n    \"provisioningState\": \"Succeeded\",\r\n    \"targetProvisioningState\": \"\",\r\n    \"createdAtUtc\": \"2019-08-23T10:23:03.7042803Z\",\r\n    \"gatewayUrl\": \"https://sdktestservice.azure-api.net\",\r\n    \"gatewayRegionalUrl\": \"https://sdktestservice-centralus-01.regional.azure-api.net\",\r\n    \"portalUrl\": \"https://sdktestservice.portal.azure-api.net\",\r\n    \"developerPortalUrl\": \"https://sdktestservice.developer.azure-api.net\",\r\n    \"managementApiUrl\": \"https://sdktestservice.management.azure-api.net\",\r\n    \"scmUrl\": \"https://sdktestservice.scm.azure-api.net\",\r\n    \"hostnameConfigurations\": [\r\n      {\r\n        \"type\": \"Proxy\",\r\n        \"hostName\": \"sdktestservice.azure-api.net\",\r\n        \"encodedCertificate\": null,\r\n        \"keyVaultId\": null,\r\n        \"certificatePassword\": null,\r\n        \"negotiateClientCertificate\": false,\r\n        \"certificate\": null,\r\n        \"defaultSslBinding\": true\r\n      }\r\n    ],\r\n    \"publicIPAddresses\": [\r\n      \"104.43.169.82\"\r\n    ],\r\n    \"privateIPAddresses\": null,\r\n    \"additionalLocations\": null,\r\n    \"virtualNetworkConfiguration\": null,\r\n    \"customProperties\": {\r\n      \"Microsoft.WindowsAzure.ApiManagement.Gateway.Security.Protocols.Tls10\": \"False\",\r\n      \"Microsoft.WindowsAzure.ApiManagement.Gateway.Security.Protocols.Tls11\": \"False\",\r\n      \"Microsoft.WindowsAzure.ApiManagement.Gateway.Security.Protocols.Ssl30\": \"False\",\r\n      \"Microsoft.WindowsAzure.ApiManagement.Gateway.Security.Ciphers.TripleDes168\": \"False\",\r\n      \"Microsoft.WindowsAzure.ApiManagement.Gateway.Security.Backend.Protocols.Tls10\": \"False\",\r\n      \"Microsoft.WindowsAzure.ApiManagement.Gateway.Security.Backend.Protocols.Tls11\": \"False\",\r\n      \"Microsoft.WindowsAzure.ApiManagement.Gateway.Security.Backend.Protocols.Ssl30\": \"False\",\r\n      \"Microsoft.WindowsAzure.ApiManagement.Gateway.Protocols.Server.Http2\": \"False\"\r\n    },\r\n    \"virtualNetworkType\": \"None\",\r\n    \"certificates\": null\r\n  },\r\n  \"sku\": {\r\n    \"name\": \"Developer\",\r\n    \"capacity\": 1\r\n  },\r\n  \"identity\": null\r\n}",
      "StatusCode": 200
    },
    {
      "RequestUri": "/subscriptions/bab08e11-7b12-4354-9fd1-4b5d64d40b68/resourceGroups/Api-Default-CentralUS/providers/Microsoft.ApiManagement/service/sdktestservice/tenant/access/git?api-version=2019-01-01",
      "EncodedRequestUri": "L3N1YnNjcmlwdGlvbnMvYmFiMDhlMTEtN2IxMi00MzU0LTlmZDEtNGI1ZDY0ZDQwYjY4L3Jlc291cmNlR3JvdXBzL0FwaS1EZWZhdWx0LUNlbnRyYWxVUy9wcm92aWRlcnMvTWljcm9zb2Z0LkFwaU1hbmFnZW1lbnQvc2VydmljZS9zZGt0ZXN0c2VydmljZS90ZW5hbnQvYWNjZXNzL2dpdD9hcGktdmVyc2lvbj0yMDE5LTAxLTAx",
      "RequestMethod": "GET",
      "RequestBody": "",
      "RequestHeaders": {
        "x-ms-client-request-id": [
          "2ba1557d-b3d3-4eb6-ba66-98f1c3d58238"
        ],
        "Accept-Language": [
          "en-US"
        ],
        "User-Agent": [
          "FxVersion/4.6.27817.01",
          "OSName/Windows",
          "OSVersion/Microsoft.Windows.10.0.18362.",
          "Microsoft.Azure.Management.ApiManagement.ApiManagementClient/4.11.0.0"
        ]
      },
      "ResponseHeaders": {
        "Cache-Control": [
          "no-cache"
        ],
        "Pragma": [
          "no-cache"
        ],
        "ETag": [
          "\"AAAAAAAACHkAAAAAAAAAAA==\""
        ],
        "Strict-Transport-Security": [
          "max-age=31536000; includeSubDomains"
        ],
        "x-ms-request-id": [
          "671aa581-3e26-4a2b-ba43-361c94a214cf"
        ],
        "Server": [
          "Microsoft-HTTPAPI/2.0"
        ],
        "x-ms-ratelimit-remaining-subscription-reads": [
          "11998"
        ],
        "x-ms-correlation-request-id": [
          "9200cc38-9c57-4f2f-a0c3-87a0374588c0"
        ],
        "x-ms-routing-request-id": [
          "WESTUS:20190823T153051Z:9200cc38-9c57-4f2f-a0c3-87a0374588c0"
        ],
        "X-Content-Type-Options": [
          "nosniff"
        ],
        "Date": [
          "Fri, 23 Aug 2019 15:30:50 GMT"
        ],
        "Content-Length": [
          "237"
        ],
        "Content-Type": [
          "application/json; charset=utf-8"
        ],
        "Expires": [
          "-1"
        ]
      },
      "ResponseBody": "{\r\n  \"id\": \"git\",\r\n  \"primaryKey\": \"aYsaBtT+GiF/6S14TnlKsMf9rQLAtIt2W2+uZnCEvOsDraFsGbG4rtIZ58kpSfJJ7CGOa0vWWrPIZ2NKWYuExg==\",\r\n  \"secondaryKey\": \"MuioyE2Mdmu4T7M5I/zzd7YWhrwSEtFr+lB2kgmuwZFpFZph0sy9dtWatIk4jDjFqOxod1idlBLb0A4KydF5qw==\",\r\n  \"enabled\": true\r\n}",
      "StatusCode": 200
    },
    {
      "RequestUri": "/subscriptions/bab08e11-7b12-4354-9fd1-4b5d64d40b68/resourceGroups/Api-Default-CentralUS/providers/Microsoft.ApiManagement/service/sdktestservice/tenant/configuration/syncState?api-version=2019-01-01",
      "EncodedRequestUri": "L3N1YnNjcmlwdGlvbnMvYmFiMDhlMTEtN2IxMi00MzU0LTlmZDEtNGI1ZDY0ZDQwYjY4L3Jlc291cmNlR3JvdXBzL0FwaS1EZWZhdWx0LUNlbnRyYWxVUy9wcm92aWRlcnMvTWljcm9zb2Z0LkFwaU1hbmFnZW1lbnQvc2VydmljZS9zZGt0ZXN0c2VydmljZS90ZW5hbnQvY29uZmlndXJhdGlvbi9zeW5jU3RhdGU/YXBpLXZlcnNpb249MjAxOS0wMS0wMQ==",
      "RequestMethod": "GET",
      "RequestBody": "",
      "RequestHeaders": {
        "x-ms-client-request-id": [
          "e1ceb744-6f8a-4f4a-a3a4-f027e932ecfb"
        ],
        "Accept-Language": [
          "en-US"
        ],
        "User-Agent": [
          "FxVersion/4.6.27817.01",
          "OSName/Windows",
          "OSVersion/Microsoft.Windows.10.0.18362.",
          "Microsoft.Azure.Management.ApiManagement.ApiManagementClient/4.11.0.0"
        ]
      },
      "ResponseHeaders": {
        "Cache-Control": [
          "no-cache"
        ],
        "Pragma": [
          "no-cache"
        ],
        "Strict-Transport-Security": [
          "max-age=31536000; includeSubDomains"
        ],
        "x-ms-request-id": [
          "99de5e8e-772b-4cbc-b691-7360a3dd085e"
        ],
        "Server": [
          "Microsoft-HTTPAPI/2.0"
        ],
        "x-ms-ratelimit-remaining-subscription-reads": [
          "11997"
        ],
        "x-ms-correlation-request-id": [
          "a8f6969c-8341-418e-a50c-9b59f5c23f0e"
        ],
        "x-ms-routing-request-id": [
          "WESTUS:20190823T153052Z:a8f6969c-8341-418e-a50c-9b59f5c23f0e"
        ],
        "X-Content-Type-Options": [
          "nosniff"
        ],
        "Date": [
          "Fri, 23 Aug 2019 15:30:51 GMT"
        ],
        "Content-Length": [
          "158"
        ],
        "Content-Type": [
          "application/json; charset=utf-8"
        ],
        "Expires": [
          "-1"
        ]
      },
      "ResponseBody": "{\r\n  \"branch\": null,\r\n  \"commitId\": null,\r\n  \"isExport\": false,\r\n  \"isSynced\": false,\r\n  \"isGitEnabled\": true,\r\n  \"syncDate\": null,\r\n  \"configurationChangeDate\": \"2019-08-23T15:30:49.2985291Z\"\r\n}",
      "StatusCode": 200
    },
    {
      "RequestUri": "/subscriptions/bab08e11-7b12-4354-9fd1-4b5d64d40b68/resourceGroups/Api-Default-CentralUS/providers/Microsoft.ApiManagement/service/sdktestservice/tenant/configuration/syncState?api-version=2019-01-01",
      "EncodedRequestUri": "L3N1YnNjcmlwdGlvbnMvYmFiMDhlMTEtN2IxMi00MzU0LTlmZDEtNGI1ZDY0ZDQwYjY4L3Jlc291cmNlR3JvdXBzL0FwaS1EZWZhdWx0LUNlbnRyYWxVUy9wcm92aWRlcnMvTWljcm9zb2Z0LkFwaU1hbmFnZW1lbnQvc2VydmljZS9zZGt0ZXN0c2VydmljZS90ZW5hbnQvY29uZmlndXJhdGlvbi9zeW5jU3RhdGU/YXBpLXZlcnNpb249MjAxOS0wMS0wMQ==",
      "RequestMethod": "GET",
      "RequestBody": "",
      "RequestHeaders": {
        "x-ms-client-request-id": [
          "760bedf4-a37a-4835-9c91-c33c7edcb67c"
        ],
        "Accept-Language": [
          "en-US"
        ],
        "User-Agent": [
          "FxVersion/4.6.27817.01",
          "OSName/Windows",
          "OSVersion/Microsoft.Windows.10.0.18362.",
          "Microsoft.Azure.Management.ApiManagement.ApiManagementClient/4.11.0.0"
        ]
      },
      "ResponseHeaders": {
        "Cache-Control": [
          "no-cache"
        ],
        "Pragma": [
          "no-cache"
        ],
        "Strict-Transport-Security": [
          "max-age=31536000; includeSubDomains"
        ],
        "x-ms-request-id": [
          "b9f3bac7-61f9-465e-bd73-02538dddc158"
        ],
        "Server": [
          "Microsoft-HTTPAPI/2.0"
        ],
        "x-ms-ratelimit-remaining-subscription-reads": [
          "11993"
        ],
        "x-ms-correlation-request-id": [
          "f74cfc84-3688-4d16-95b8-3242002326bd"
        ],
        "x-ms-routing-request-id": [
          "WESTUS:20190823T153153Z:f74cfc84-3688-4d16-95b8-3242002326bd"
        ],
        "X-Content-Type-Options": [
          "nosniff"
        ],
        "Date": [
          "Fri, 23 Aug 2019 15:31:52 GMT"
        ],
        "Content-Length": [
          "308"
        ],
        "Content-Type": [
          "application/json; charset=utf-8"
        ],
        "Expires": [
          "-1"
        ]
      },
      "ResponseBody": "{\r\n  \"branch\": \"master\",\r\n  \"commitId\": \"49e939b88a74090bfc9aff6948b77bbd32aacb6b\",\r\n  \"isExport\": true,\r\n  \"isSynced\": true,\r\n  \"isGitEnabled\": true,\r\n  \"syncDate\": \"2019-08-23T15:31:23.2060826Z\",\r\n  \"configurationChangeDate\": \"2019-08-23T15:30:49.2985291Z\",\r\n  \"lastOperationId\": \"/tenant/configuration/operationResults/5d6006ac14f28d1198fba665\"\r\n}",
      "StatusCode": 200
    },
    {
      "RequestUri": "/subscriptions/bab08e11-7b12-4354-9fd1-4b5d64d40b68/resourceGroups/Api-Default-CentralUS/providers/Microsoft.ApiManagement/service/sdktestservice/tenant/configuration/syncState?api-version=2019-01-01",
      "EncodedRequestUri": "L3N1YnNjcmlwdGlvbnMvYmFiMDhlMTEtN2IxMi00MzU0LTlmZDEtNGI1ZDY0ZDQwYjY4L3Jlc291cmNlR3JvdXBzL0FwaS1EZWZhdWx0LUNlbnRyYWxVUy9wcm92aWRlcnMvTWljcm9zb2Z0LkFwaU1hbmFnZW1lbnQvc2VydmljZS9zZGt0ZXN0c2VydmljZS90ZW5hbnQvY29uZmlndXJhdGlvbi9zeW5jU3RhdGU/YXBpLXZlcnNpb249MjAxOS0wMS0wMQ==",
      "RequestMethod": "GET",
      "RequestBody": "",
      "RequestHeaders": {
        "x-ms-client-request-id": [
          "cfbb2aec-c89c-4f46-925e-b68b08bb4fcf"
        ],
        "Accept-Language": [
          "en-US"
        ],
        "User-Agent": [
          "FxVersion/4.6.27817.01",
          "OSName/Windows",
          "OSVersion/Microsoft.Windows.10.0.18362.",
          "Microsoft.Azure.Management.ApiManagement.ApiManagementClient/4.11.0.0"
        ]
      },
      "ResponseHeaders": {
        "Cache-Control": [
          "no-cache"
        ],
        "Pragma": [
          "no-cache"
        ],
        "Strict-Transport-Security": [
          "max-age=31536000; includeSubDomains"
        ],
        "x-ms-request-id": [
          "9de12a5d-87df-46d0-ab7f-5df2726e9248"
        ],
        "Server": [
          "Microsoft-HTTPAPI/2.0"
        ],
        "x-ms-ratelimit-remaining-subscription-reads": [
          "11988"
        ],
        "x-ms-correlation-request-id": [
          "c5dba24b-b2cb-4b66-af2f-52a85daa1f23"
        ],
        "x-ms-routing-request-id": [
          "WESTUS:20190823T153255Z:c5dba24b-b2cb-4b66-af2f-52a85daa1f23"
        ],
        "X-Content-Type-Options": [
          "nosniff"
        ],
        "Date": [
          "Fri, 23 Aug 2019 15:32:54 GMT"
        ],
        "Content-Length": [
          "309"
        ],
        "Content-Type": [
          "application/json; charset=utf-8"
        ],
        "Expires": [
          "-1"
        ]
      },
      "ResponseBody": "{\r\n  \"branch\": \"master\",\r\n  \"commitId\": \"49e939b88a74090bfc9aff6948b77bbd32aacb6b\",\r\n  \"isExport\": false,\r\n  \"isSynced\": true,\r\n  \"isGitEnabled\": true,\r\n  \"syncDate\": \"2019-08-23T15:32:46.6468158Z\",\r\n  \"configurationChangeDate\": \"2019-08-23T15:32:46.6468158Z\",\r\n  \"lastOperationId\": \"/tenant/configuration/operationResults/5d60070814f28d1198fba669\"\r\n}",
      "StatusCode": 200
    },
    {
      "RequestUri": "/subscriptions/bab08e11-7b12-4354-9fd1-4b5d64d40b68/resourceGroups/Api-Default-CentralUS/providers/Microsoft.ApiManagement/service/sdktestservice/tenant/configuration/save?api-version=2019-01-01",
      "EncodedRequestUri": "L3N1YnNjcmlwdGlvbnMvYmFiMDhlMTEtN2IxMi00MzU0LTlmZDEtNGI1ZDY0ZDQwYjY4L3Jlc291cmNlR3JvdXBzL0FwaS1EZWZhdWx0LUNlbnRyYWxVUy9wcm92aWRlcnMvTWljcm9zb2Z0LkFwaU1hbmFnZW1lbnQvc2VydmljZS9zZGt0ZXN0c2VydmljZS90ZW5hbnQvY29uZmlndXJhdGlvbi9zYXZlP2FwaS12ZXJzaW9uPTIwMTktMDEtMDE=",
      "RequestMethod": "POST",
      "RequestBody": "{\r\n  \"properties\": {\r\n    \"branch\": \"master\"\r\n  }\r\n}",
      "RequestHeaders": {
        "x-ms-client-request-id": [
          "4933918c-b943-4cc5-a562-96a77e2a17a0"
        ],
        "Accept-Language": [
          "en-US"
        ],
        "User-Agent": [
          "FxVersion/4.6.27817.01",
          "OSName/Windows",
          "OSVersion/Microsoft.Windows.10.0.18362.",
          "Microsoft.Azure.Management.ApiManagement.ApiManagementClient/4.11.0.0"
        ],
        "Content-Type": [
          "application/json; charset=utf-8"
        ],
        "Content-Length": [
          "52"
        ]
      },
      "ResponseHeaders": {
        "Cache-Control": [
          "no-cache"
        ],
        "Pragma": [
          "no-cache"
        ],
        "Location": [
          "https://management.azure.com/subscriptions/bab08e11-7b12-4354-9fd1-4b5d64d40b68/resourceGroups/Api-Default-CentralUS/providers/Microsoft.ApiManagement/service/sdktestservice/tenant/configuration/operationResults/5d6006ac14f28d1198fba665?api-version=2019-01-01"
        ],
        "Strict-Transport-Security": [
          "max-age=31536000; includeSubDomains"
        ],
        "x-ms-request-id": [
          "d268e483-955c-4401-a471-04595d1a840d"
        ],
        "Server": [
          "Microsoft-HTTPAPI/2.0"
        ],
        "x-ms-ratelimit-remaining-subscription-writes": [
          "1199"
        ],
        "x-ms-correlation-request-id": [
          "d934f0a4-78e2-4441-a00e-274de9da50b3"
        ],
        "x-ms-routing-request-id": [
          "WESTUS:20190823T153052Z:d934f0a4-78e2-4441-a00e-274de9da50b3"
        ],
        "X-Content-Type-Options": [
          "nosniff"
        ],
        "Date": [
          "Fri, 23 Aug 2019 15:30:51 GMT"
        ],
        "Content-Length": [
          "33"
        ],
        "Content-Type": [
          "application/json; charset=utf-8"
        ],
        "Expires": [
          "-1"
        ]
      },
      "ResponseBody": "{\r\n  \"id\": \"5d6006ac14f28d1198fba665\"\r\n}",
      "StatusCode": 202
    },
    {
      "RequestUri": "/subscriptions/bab08e11-7b12-4354-9fd1-4b5d64d40b68/resourceGroups/Api-Default-CentralUS/providers/Microsoft.ApiManagement/service/sdktestservice/tenant/configuration/operationResults/5d6006ac14f28d1198fba665?api-version=2019-01-01",
      "EncodedRequestUri": "L3N1YnNjcmlwdGlvbnMvYmFiMDhlMTEtN2IxMi00MzU0LTlmZDEtNGI1ZDY0ZDQwYjY4L3Jlc291cmNlR3JvdXBzL0FwaS1EZWZhdWx0LUNlbnRyYWxVUy9wcm92aWRlcnMvTWljcm9zb2Z0LkFwaU1hbmFnZW1lbnQvc2VydmljZS9zZGt0ZXN0c2VydmljZS90ZW5hbnQvY29uZmlndXJhdGlvbi9vcGVyYXRpb25SZXN1bHRzLzVkNjAwNmFjMTRmMjhkMTE5OGZiYTY2NT9hcGktdmVyc2lvbj0yMDE5LTAxLTAx",
      "RequestMethod": "GET",
      "RequestBody": "",
      "RequestHeaders": {
        "User-Agent": [
          "FxVersion/4.6.27817.01",
          "OSName/Windows",
          "OSVersion/Microsoft.Windows.10.0.18362.",
          "Microsoft.Azure.Management.ApiManagement.ApiManagementClient/4.11.0.0"
        ]
      },
      "ResponseHeaders": {
        "Cache-Control": [
          "no-cache"
        ],
        "Pragma": [
          "no-cache"
        ],
        "Location": [
          "https://management.azure.com/subscriptions/bab08e11-7b12-4354-9fd1-4b5d64d40b68/resourceGroups/Api-Default-CentralUS/providers/Microsoft.ApiManagement/service/sdktestservice/tenant/configuration/operationResults/5d6006ac14f28d1198fba665?api-version=2019-01-01"
        ],
        "Strict-Transport-Security": [
          "max-age=31536000; includeSubDomains"
        ],
        "x-ms-request-id": [
          "ff597284-9eb1-48d2-9db1-5fff24ab2eaa"
        ],
        "x-ms-ratelimit-remaining-subscription-reads": [
          "11996"
        ],
        "Server": [
          "Microsoft-HTTPAPI/2.0"
        ],
        "x-ms-correlation-request-id": [
          "f88f1be3-1e6c-4230-ac14-4911f3ab8794"
        ],
        "x-ms-routing-request-id": [
          "WESTUS:20190823T153123Z:f88f1be3-1e6c-4230-ac14-4911f3ab8794"
        ],
        "X-Content-Type-Options": [
          "nosniff"
        ],
        "Date": [
          "Fri, 23 Aug 2019 15:31:22 GMT"
        ],
        "Content-Length": [
          "160"
        ],
        "Content-Type": [
          "application/json; charset=utf-8"
        ],
        "Expires": [
          "-1"
        ]
      },
      "ResponseBody": "{\r\n  \"id\": \"5d6006ac14f28d1198fba665\",\r\n  \"status\": \"InProgress\",\r\n  \"started\": \"2019-08-23T15:30:52.283Z\",\r\n  \"updated\": \"2019-08-23T15:30:52.283Z\",\r\n  \"resultInfo\": null,\r\n  \"error\": null\r\n}",
      "StatusCode": 202
    },
    {
      "RequestUri": "/subscriptions/bab08e11-7b12-4354-9fd1-4b5d64d40b68/resourceGroups/Api-Default-CentralUS/providers/Microsoft.ApiManagement/service/sdktestservice/tenant/configuration/operationResults/5d6006ac14f28d1198fba665?api-version=2019-01-01",
      "EncodedRequestUri": "L3N1YnNjcmlwdGlvbnMvYmFiMDhlMTEtN2IxMi00MzU0LTlmZDEtNGI1ZDY0ZDQwYjY4L3Jlc291cmNlR3JvdXBzL0FwaS1EZWZhdWx0LUNlbnRyYWxVUy9wcm92aWRlcnMvTWljcm9zb2Z0LkFwaU1hbmFnZW1lbnQvc2VydmljZS9zZGt0ZXN0c2VydmljZS90ZW5hbnQvY29uZmlndXJhdGlvbi9vcGVyYXRpb25SZXN1bHRzLzVkNjAwNmFjMTRmMjhkMTE5OGZiYTY2NT9hcGktdmVyc2lvbj0yMDE5LTAxLTAx",
      "RequestMethod": "GET",
      "RequestBody": "",
      "RequestHeaders": {
        "User-Agent": [
          "FxVersion/4.6.27817.01",
          "OSName/Windows",
          "OSVersion/Microsoft.Windows.10.0.18362.",
          "Microsoft.Azure.Management.ApiManagement.ApiManagementClient/4.11.0.0"
        ]
      },
      "ResponseHeaders": {
        "Cache-Control": [
          "no-cache"
        ],
        "Pragma": [
          "no-cache"
        ],
        "Strict-Transport-Security": [
          "max-age=31536000; includeSubDomains"
        ],
        "x-ms-request-id": [
          "837a52f8-1c82-429f-a304-50f3a1855dcf"
        ],
        "Server": [
          "Microsoft-HTTPAPI/2.0"
        ],
        "x-ms-ratelimit-remaining-subscription-reads": [
          "11995"
        ],
        "x-ms-correlation-request-id": [
          "5ab230f3-b7ce-446e-b1bc-7e206f955013"
        ],
        "x-ms-routing-request-id": [
          "WESTUS:20190823T153153Z:5ab230f3-b7ce-446e-b1bc-7e206f955013"
        ],
        "X-Content-Type-Options": [
          "nosniff"
        ],
        "Date": [
          "Fri, 23 Aug 2019 15:31:52 GMT"
        ],
        "Content-Length": [
          "274"
        ],
        "Content-Type": [
          "application/json; charset=utf-8"
        ],
        "Expires": [
          "-1"
        ]
      },
      "ResponseBody": "{\r\n  \"id\": \"5d6006ac14f28d1198fba665\",\r\n  \"status\": \"Succeeded\",\r\n  \"started\": \"2019-08-23T15:30:52.283Z\",\r\n  \"updated\": \"2019-08-23T15:31:23.173Z\",\r\n  \"resultInfo\": \"The configuration was successfully saved to master as commit 49e939b88a74090bfc9aff6948b77bbd32aacb6b.\",\r\n  \"error\": null,\r\n  \"actionLog\": []\r\n}",
      "StatusCode": 200
    },
    {
      "RequestUri": "/subscriptions/bab08e11-7b12-4354-9fd1-4b5d64d40b68/resourceGroups/Api-Default-CentralUS/providers/Microsoft.ApiManagement/service/sdktestservice/tenant/configuration/operationResults/5d6006ac14f28d1198fba665?api-version=2019-01-01",
      "EncodedRequestUri": "L3N1YnNjcmlwdGlvbnMvYmFiMDhlMTEtN2IxMi00MzU0LTlmZDEtNGI1ZDY0ZDQwYjY4L3Jlc291cmNlR3JvdXBzL0FwaS1EZWZhdWx0LUNlbnRyYWxVUy9wcm92aWRlcnMvTWljcm9zb2Z0LkFwaU1hbmFnZW1lbnQvc2VydmljZS9zZGt0ZXN0c2VydmljZS90ZW5hbnQvY29uZmlndXJhdGlvbi9vcGVyYXRpb25SZXN1bHRzLzVkNjAwNmFjMTRmMjhkMTE5OGZiYTY2NT9hcGktdmVyc2lvbj0yMDE5LTAxLTAx",
      "RequestMethod": "GET",
      "RequestBody": "",
      "RequestHeaders": {
        "User-Agent": [
          "FxVersion/4.6.27817.01",
          "OSName/Windows",
          "OSVersion/Microsoft.Windows.10.0.18362.",
          "Microsoft.Azure.Management.ApiManagement.ApiManagementClient/4.11.0.0"
        ]
      },
      "ResponseHeaders": {
        "Cache-Control": [
          "no-cache"
        ],
        "Pragma": [
          "no-cache"
        ],
        "Strict-Transport-Security": [
          "max-age=31536000; includeSubDomains"
        ],
        "x-ms-request-id": [
          "8fcdff12-0eb5-40cf-ae61-4724e4d2e658"
        ],
        "Server": [
          "Microsoft-HTTPAPI/2.0"
        ],
        "x-ms-ratelimit-remaining-subscription-reads": [
          "11994"
        ],
        "x-ms-correlation-request-id": [
          "597dfecc-2abb-4a0e-b194-b52272a33325"
        ],
        "x-ms-routing-request-id": [
          "WESTUS:20190823T153153Z:597dfecc-2abb-4a0e-b194-b52272a33325"
        ],
        "X-Content-Type-Options": [
          "nosniff"
        ],
        "Date": [
          "Fri, 23 Aug 2019 15:31:52 GMT"
        ],
        "Content-Length": [
          "274"
        ],
        "Content-Type": [
          "application/json; charset=utf-8"
        ],
        "Expires": [
          "-1"
        ]
      },
      "ResponseBody": "{\r\n  \"id\": \"5d6006ac14f28d1198fba665\",\r\n  \"status\": \"Succeeded\",\r\n  \"started\": \"2019-08-23T15:30:52.283Z\",\r\n  \"updated\": \"2019-08-23T15:31:23.173Z\",\r\n  \"resultInfo\": \"The configuration was successfully saved to master as commit 49e939b88a74090bfc9aff6948b77bbd32aacb6b.\",\r\n  \"error\": null,\r\n  \"actionLog\": []\r\n}",
      "StatusCode": 200
    },
    {
      "RequestUri": "/subscriptions/bab08e11-7b12-4354-9fd1-4b5d64d40b68/resourceGroups/Api-Default-CentralUS/providers/Microsoft.ApiManagement/service/sdktestservice/tenant/configuration/validate?api-version=2019-01-01",
      "EncodedRequestUri": "L3N1YnNjcmlwdGlvbnMvYmFiMDhlMTEtN2IxMi00MzU0LTlmZDEtNGI1ZDY0ZDQwYjY4L3Jlc291cmNlR3JvdXBzL0FwaS1EZWZhdWx0LUNlbnRyYWxVUy9wcm92aWRlcnMvTWljcm9zb2Z0LkFwaU1hbmFnZW1lbnQvc2VydmljZS9zZGt0ZXN0c2VydmljZS90ZW5hbnQvY29uZmlndXJhdGlvbi92YWxpZGF0ZT9hcGktdmVyc2lvbj0yMDE5LTAxLTAx",
      "RequestMethod": "POST",
      "RequestBody": "{\r\n  \"properties\": {\r\n    \"branch\": \"master\"\r\n  }\r\n}",
      "RequestHeaders": {
        "x-ms-client-request-id": [
          "979d4545-c39f-4539-be69-43ee875d1e09"
        ],
        "Accept-Language": [
          "en-US"
        ],
        "User-Agent": [
          "FxVersion/4.6.27817.01",
          "OSName/Windows",
          "OSVersion/Microsoft.Windows.10.0.18362.",
          "Microsoft.Azure.Management.ApiManagement.ApiManagementClient/4.11.0.0"
        ],
        "Content-Type": [
          "application/json; charset=utf-8"
        ],
        "Content-Length": [
          "52"
        ]
      },
      "ResponseHeaders": {
        "Cache-Control": [
          "no-cache"
        ],
        "Pragma": [
          "no-cache"
        ],
        "Location": [
          "https://management.azure.com/subscriptions/bab08e11-7b12-4354-9fd1-4b5d64d40b68/resourceGroups/Api-Default-CentralUS/providers/Microsoft.ApiManagement/service/sdktestservice/tenant/configuration/operationResults/5d6006e914f28d1198fba667?api-version=2019-01-01"
        ],
        "Strict-Transport-Security": [
          "max-age=31536000; includeSubDomains"
        ],
        "x-ms-request-id": [
          "dd3142bb-cb81-4d92-8e7e-1da5cbf26da0"
        ],
        "Server": [
          "Microsoft-HTTPAPI/2.0"
        ],
        "x-ms-ratelimit-remaining-subscription-writes": [
          "1198"
        ],
        "x-ms-correlation-request-id": [
          "a65856f6-8c53-49b5-b433-ae5e1228f33d"
        ],
        "x-ms-routing-request-id": [
          "WESTUS:20190823T153154Z:a65856f6-8c53-49b5-b433-ae5e1228f33d"
        ],
        "X-Content-Type-Options": [
          "nosniff"
        ],
        "Date": [
          "Fri, 23 Aug 2019 15:31:53 GMT"
        ],
        "Content-Length": [
          "33"
        ],
        "Content-Type": [
          "application/json; charset=utf-8"
        ],
        "Expires": [
          "-1"
        ]
      },
      "ResponseBody": "{\r\n  \"id\": \"5d6006e914f28d1198fba667\"\r\n}",
      "StatusCode": 202
    },
    {
      "RequestUri": "/subscriptions/bab08e11-7b12-4354-9fd1-4b5d64d40b68/resourceGroups/Api-Default-CentralUS/providers/Microsoft.ApiManagement/service/sdktestservice/tenant/configuration/operationResults/5d6006e914f28d1198fba667?api-version=2019-01-01",
      "EncodedRequestUri": "L3N1YnNjcmlwdGlvbnMvYmFiMDhlMTEtN2IxMi00MzU0LTlmZDEtNGI1ZDY0ZDQwYjY4L3Jlc291cmNlR3JvdXBzL0FwaS1EZWZhdWx0LUNlbnRyYWxVUy9wcm92aWRlcnMvTWljcm9zb2Z0LkFwaU1hbmFnZW1lbnQvc2VydmljZS9zZGt0ZXN0c2VydmljZS90ZW5hbnQvY29uZmlndXJhdGlvbi9vcGVyYXRpb25SZXN1bHRzLzVkNjAwNmU5MTRmMjhkMTE5OGZiYTY2Nz9hcGktdmVyc2lvbj0yMDE5LTAxLTAx",
      "RequestMethod": "GET",
      "RequestBody": "",
      "RequestHeaders": {
        "User-Agent": [
          "FxVersion/4.6.27817.01",
          "OSName/Windows",
          "OSVersion/Microsoft.Windows.10.0.18362.",
          "Microsoft.Azure.Management.ApiManagement.ApiManagementClient/4.11.0.0"
        ]
      },
      "ResponseHeaders": {
        "Cache-Control": [
          "no-cache"
        ],
        "Pragma": [
          "no-cache"
        ],
        "Strict-Transport-Security": [
          "max-age=31536000; includeSubDomains"
        ],
        "x-ms-request-id": [
          "6fb92b5d-10f0-4f1e-ad04-ebc606a31c28"
        ],
        "Server": [
          "Microsoft-HTTPAPI/2.0"
        ],
        "x-ms-ratelimit-remaining-subscription-reads": [
          "11992"
        ],
        "x-ms-correlation-request-id": [
          "aafba757-7728-4a0c-b417-7a62b9c3cc2a"
        ],
        "x-ms-routing-request-id": [
          "WESTUS:20190823T153224Z:aafba757-7728-4a0c-b417-7a62b9c3cc2a"
        ],
        "X-Content-Type-Options": [
          "nosniff"
        ],
        "Date": [
          "Fri, 23 Aug 2019 15:32:23 GMT"
        ],
        "Content-Length": [
          "197"
        ],
        "Content-Type": [
          "application/json; charset=utf-8"
        ],
        "Expires": [
          "-1"
        ]
      },
      "ResponseBody": "{\r\n  \"id\": \"5d6006e914f28d1198fba667\",\r\n  \"status\": \"Succeeded\",\r\n  \"started\": \"2019-08-23T15:31:53.937Z\",\r\n  \"updated\": \"2019-08-23T15:32:03.207Z\",\r\n  \"resultInfo\": \"Validation is successfull\",\r\n  \"error\": null,\r\n  \"actionLog\": []\r\n}",
      "StatusCode": 200
    },
    {
      "RequestUri": "/subscriptions/bab08e11-7b12-4354-9fd1-4b5d64d40b68/resourceGroups/Api-Default-CentralUS/providers/Microsoft.ApiManagement/service/sdktestservice/tenant/configuration/operationResults/5d6006e914f28d1198fba667?api-version=2019-01-01",
      "EncodedRequestUri": "L3N1YnNjcmlwdGlvbnMvYmFiMDhlMTEtN2IxMi00MzU0LTlmZDEtNGI1ZDY0ZDQwYjY4L3Jlc291cmNlR3JvdXBzL0FwaS1EZWZhdWx0LUNlbnRyYWxVUy9wcm92aWRlcnMvTWljcm9zb2Z0LkFwaU1hbmFnZW1lbnQvc2VydmljZS9zZGt0ZXN0c2VydmljZS90ZW5hbnQvY29uZmlndXJhdGlvbi9vcGVyYXRpb25SZXN1bHRzLzVkNjAwNmU5MTRmMjhkMTE5OGZiYTY2Nz9hcGktdmVyc2lvbj0yMDE5LTAxLTAx",
      "RequestMethod": "GET",
      "RequestBody": "",
      "RequestHeaders": {
        "User-Agent": [
          "FxVersion/4.6.27817.01",
          "OSName/Windows",
          "OSVersion/Microsoft.Windows.10.0.18362.",
          "Microsoft.Azure.Management.ApiManagement.ApiManagementClient/4.11.0.0"
        ]
      },
      "ResponseHeaders": {
        "Cache-Control": [
          "no-cache"
        ],
        "Pragma": [
          "no-cache"
        ],
        "Strict-Transport-Security": [
          "max-age=31536000; includeSubDomains"
        ],
        "x-ms-request-id": [
          "53170706-974e-4dc8-a45b-cda32ec881a5"
        ],
        "Server": [
          "Microsoft-HTTPAPI/2.0"
        ],
        "x-ms-ratelimit-remaining-subscription-reads": [
          "11991"
        ],
        "x-ms-correlation-request-id": [
          "0fd890b5-01a1-44a6-b95d-a8ee6552668d"
        ],
        "x-ms-routing-request-id": [
          "WESTUS:20190823T153224Z:0fd890b5-01a1-44a6-b95d-a8ee6552668d"
        ],
        "X-Content-Type-Options": [
          "nosniff"
        ],
        "Date": [
          "Fri, 23 Aug 2019 15:32:23 GMT"
        ],
        "Content-Length": [
          "197"
        ],
        "Content-Type": [
          "application/json; charset=utf-8"
        ],
        "Expires": [
          "-1"
        ]
      },
      "ResponseBody": "{\r\n  \"id\": \"5d6006e914f28d1198fba667\",\r\n  \"status\": \"Succeeded\",\r\n  \"started\": \"2019-08-23T15:31:53.937Z\",\r\n  \"updated\": \"2019-08-23T15:32:03.207Z\",\r\n  \"resultInfo\": \"Validation is successfull\",\r\n  \"error\": null,\r\n  \"actionLog\": []\r\n}",
      "StatusCode": 200
    },
    {
      "RequestUri": "/subscriptions/bab08e11-7b12-4354-9fd1-4b5d64d40b68/resourceGroups/Api-Default-CentralUS/providers/Microsoft.ApiManagement/service/sdktestservice/tenant/configuration/deploy?api-version=2019-01-01",
      "EncodedRequestUri": "L3N1YnNjcmlwdGlvbnMvYmFiMDhlMTEtN2IxMi00MzU0LTlmZDEtNGI1ZDY0ZDQwYjY4L3Jlc291cmNlR3JvdXBzL0FwaS1EZWZhdWx0LUNlbnRyYWxVUy9wcm92aWRlcnMvTWljcm9zb2Z0LkFwaU1hbmFnZW1lbnQvc2VydmljZS9zZGt0ZXN0c2VydmljZS90ZW5hbnQvY29uZmlndXJhdGlvbi9kZXBsb3k/YXBpLXZlcnNpb249MjAxOS0wMS0wMQ==",
      "RequestMethod": "POST",
      "RequestBody": "{\r\n  \"properties\": {\r\n    \"branch\": \"master\"\r\n  }\r\n}",
      "RequestHeaders": {
        "x-ms-client-request-id": [
          "260f242a-e48a-49d9-8d1c-57b778808733"
        ],
        "Accept-Language": [
          "en-US"
        ],
        "User-Agent": [
          "FxVersion/4.6.27817.01",
          "OSName/Windows",
          "OSVersion/Microsoft.Windows.10.0.18362.",
          "Microsoft.Azure.Management.ApiManagement.ApiManagementClient/4.11.0.0"
        ],
        "Content-Type": [
          "application/json; charset=utf-8"
        ],
        "Content-Length": [
          "52"
        ]
      },
      "ResponseHeaders": {
        "Cache-Control": [
          "no-cache"
        ],
        "Pragma": [
          "no-cache"
        ],
        "Location": [
          "https://management.azure.com/subscriptions/bab08e11-7b12-4354-9fd1-4b5d64d40b68/resourceGroups/Api-Default-CentralUS/providers/Microsoft.ApiManagement/service/sdktestservice/tenant/configuration/operationResults/5d60070814f28d1198fba669?api-version=2019-01-01"
        ],
        "Strict-Transport-Security": [
          "max-age=31536000; includeSubDomains"
        ],
        "x-ms-request-id": [
          "bb8c04e2-99f0-4542-b6e7-87bd2163e5c3"
        ],
        "Server": [
          "Microsoft-HTTPAPI/2.0"
        ],
        "x-ms-ratelimit-remaining-subscription-writes": [
          "1197"
        ],
        "x-ms-correlation-request-id": [
          "1a616266-eadb-4733-9d11-27f9e172b9ad"
        ],
        "x-ms-routing-request-id": [
          "WESTUS:20190823T153224Z:1a616266-eadb-4733-9d11-27f9e172b9ad"
        ],
        "X-Content-Type-Options": [
          "nosniff"
        ],
        "Date": [
          "Fri, 23 Aug 2019 15:32:24 GMT"
        ],
        "Content-Length": [
          "33"
        ],
        "Content-Type": [
          "application/json; charset=utf-8"
        ],
        "Expires": [
          "-1"
        ]
      },
      "ResponseBody": "{\r\n  \"id\": \"5d60070814f28d1198fba669\"\r\n}",
      "StatusCode": 202
    },
    {
      "RequestUri": "/subscriptions/bab08e11-7b12-4354-9fd1-4b5d64d40b68/resourceGroups/Api-Default-CentralUS/providers/Microsoft.ApiManagement/service/sdktestservice/tenant/configuration/operationResults/5d60070814f28d1198fba669?api-version=2019-01-01",
      "EncodedRequestUri": "L3N1YnNjcmlwdGlvbnMvYmFiMDhlMTEtN2IxMi00MzU0LTlmZDEtNGI1ZDY0ZDQwYjY4L3Jlc291cmNlR3JvdXBzL0FwaS1EZWZhdWx0LUNlbnRyYWxVUy9wcm92aWRlcnMvTWljcm9zb2Z0LkFwaU1hbmFnZW1lbnQvc2VydmljZS9zZGt0ZXN0c2VydmljZS90ZW5hbnQvY29uZmlndXJhdGlvbi9vcGVyYXRpb25SZXN1bHRzLzVkNjAwNzA4MTRmMjhkMTE5OGZiYTY2OT9hcGktdmVyc2lvbj0yMDE5LTAxLTAx",
      "RequestMethod": "GET",
      "RequestBody": "",
      "RequestHeaders": {
        "User-Agent": [
          "FxVersion/4.6.27817.01",
          "OSName/Windows",
          "OSVersion/Microsoft.Windows.10.0.18362.",
          "Microsoft.Azure.Management.ApiManagement.ApiManagementClient/4.11.0.0"
        ]
      },
      "ResponseHeaders": {
        "Cache-Control": [
          "no-cache"
        ],
        "Pragma": [
          "no-cache"
        ],
        "Strict-Transport-Security": [
          "max-age=31536000; includeSubDomains"
        ],
        "x-ms-request-id": [
          "0a27d30a-9680-4554-abe1-6d561952524f"
        ],
        "Server": [
          "Microsoft-HTTPAPI/2.0"
        ],
        "x-ms-ratelimit-remaining-subscription-reads": [
          "11990"
        ],
        "x-ms-correlation-request-id": [
          "82fe719d-8b59-49ff-a90b-2f5848e1c135"
        ],
        "x-ms-routing-request-id": [
          "WESTUS:20190823T153254Z:82fe719d-8b59-49ff-a90b-2f5848e1c135"
        ],
        "X-Content-Type-Options": [
          "nosniff"
        ],
        "Date": [
          "Fri, 23 Aug 2019 15:32:54 GMT"
        ],
        "Content-Length": [
          "379"
        ],
        "Content-Type": [
          "application/json; charset=utf-8"
        ],
        "Expires": [
          "-1"
        ]
      },
      "ResponseBody": "{\r\n  \"id\": \"5d60070814f28d1198fba669\",\r\n  \"status\": \"Succeeded\",\r\n  \"started\": \"2019-08-23T15:32:24.507Z\",\r\n  \"updated\": \"2019-08-23T15:32:46.633Z\",\r\n  \"resultInfo\": \"Latest commit 49e939b88a74090bfc9aff6948b77bbd32aacb6b was successfully deployed from master. Objects created: 0, updated: 0, deleted: 0. Previous configuration was saved to the 'ConfigurationBackup' branch.\",\r\n  \"error\": null,\r\n  \"actionLog\": []\r\n}",
      "StatusCode": 200
    },
    {
      "RequestUri": "/subscriptions/bab08e11-7b12-4354-9fd1-4b5d64d40b68/resourceGroups/Api-Default-CentralUS/providers/Microsoft.ApiManagement/service/sdktestservice/tenant/configuration/operationResults/5d60070814f28d1198fba669?api-version=2019-01-01",
      "EncodedRequestUri": "L3N1YnNjcmlwdGlvbnMvYmFiMDhlMTEtN2IxMi00MzU0LTlmZDEtNGI1ZDY0ZDQwYjY4L3Jlc291cmNlR3JvdXBzL0FwaS1EZWZhdWx0LUNlbnRyYWxVUy9wcm92aWRlcnMvTWljcm9zb2Z0LkFwaU1hbmFnZW1lbnQvc2VydmljZS9zZGt0ZXN0c2VydmljZS90ZW5hbnQvY29uZmlndXJhdGlvbi9vcGVyYXRpb25SZXN1bHRzLzVkNjAwNzA4MTRmMjhkMTE5OGZiYTY2OT9hcGktdmVyc2lvbj0yMDE5LTAxLTAx",
      "RequestMethod": "GET",
      "RequestBody": "",
      "RequestHeaders": {
        "User-Agent": [
          "FxVersion/4.6.27817.01",
          "OSName/Windows",
          "OSVersion/Microsoft.Windows.10.0.18362.",
          "Microsoft.Azure.Management.ApiManagement.ApiManagementClient/4.11.0.0"
        ]
      },
      "ResponseHeaders": {
        "Cache-Control": [
          "no-cache"
        ],
        "Pragma": [
          "no-cache"
        ],
        "Strict-Transport-Security": [
          "max-age=31536000; includeSubDomains"
        ],
        "x-ms-request-id": [
          "31e09bad-4d8b-4191-84cc-4465b7d10c6d"
        ],
        "Server": [
          "Microsoft-HTTPAPI/2.0"
        ],
        "x-ms-ratelimit-remaining-subscription-reads": [
          "11989"
        ],
        "x-ms-correlation-request-id": [
          "cf3d954b-669c-44b9-a584-277a71558ef8"
        ],
        "x-ms-routing-request-id": [
          "WESTUS:20190823T153255Z:cf3d954b-669c-44b9-a584-277a71558ef8"
        ],
        "X-Content-Type-Options": [
          "nosniff"
        ],
        "Date": [
          "Fri, 23 Aug 2019 15:32:54 GMT"
        ],
        "Content-Length": [
          "379"
        ],
        "Content-Type": [
          "application/json; charset=utf-8"
        ],
        "Expires": [
          "-1"
        ]
      },
      "ResponseBody": "{\r\n  \"id\": \"5d60070814f28d1198fba669\",\r\n  \"status\": \"Succeeded\",\r\n  \"started\": \"2019-08-23T15:32:24.507Z\",\r\n  \"updated\": \"2019-08-23T15:32:46.633Z\",\r\n  \"resultInfo\": \"Latest commit 49e939b88a74090bfc9aff6948b77bbd32aacb6b was successfully deployed from master. Objects created: 0, updated: 0, deleted: 0. Previous configuration was saved to the 'ConfigurationBackup' branch.\",\r\n  \"error\": null,\r\n  \"actionLog\": []\r\n}",
      "StatusCode": 200
    }
  ],
  "Names": {},
  "Variables": {
    "SubscriptionId": "bab08e11-7b12-4354-9fd1-4b5d64d40b68",
    "TestCertificate": "MIIHEwIBAzCCBs8GCSqGSIb3DQEHAaCCBsAEgga8MIIGuDCCA9EGCSqGSIb3DQEHAaCCA8IEggO+MIIDujCCA7YGCyqGSIb3DQEMCgECoIICtjCCArIwHAYKKoZIhvcNAQwBAzAOBAidzys9WFRXCgICB9AEggKQRcdJYUKe+Yaf12UyefArSDv4PBBGqR0mh2wdLtPW3TCs6RIGjP4Nr3/KA4o8V8MF3EVQ8LWd/zJRdo7YP2Rkt/TPdxFMDH9zVBvt2/4fuVvslqV8tpphzdzfHAMQvO34ULdB6lJVtpRUx3WNUSbC3h5D1t5noLb0u0GFXzTUAsIw5CYnFCEyCTatuZdAx2V/7xfc0yF2kw/XfPQh0YVRy7dAT/rMHyaGfz1MN2iNIS048A1ExKgEAjBdXBxZLbjIL6rPxB9pHgH5AofJ50k1dShfSSzSzza/xUon+RlvD+oGi5yUPu6oMEfNB21CLiTJnIEoeZ0Te1EDi5D9SrOjXGmcZjCjcmtITnEXDAkI0IhY1zSjABIKyt1rY8qyh8mGT/RhibxxlSeSOIPsxTmXvcnFP3J+oRoHyWzrp6DDw2ZjRGBenUdExg1tjMqThaE7luNB6Yko8NIObwz3s7tpj6u8n11kB5RzV8zJUZkrHnYzrRFIQF8ZFjI9grDFPlccuYFPYUzSsEQU3l4mAoc0cAkaxCtZg9oi2bcVNTLQuj9XbPK2FwPXaF+owBEgJ0TnZ7kvUFAvN1dECVpBPO5ZVT/yaxJj3n380QTcXoHsav//Op3Kg+cmmVoAPOuBOnC6vKrcKsgDgf+gdASvQ+oBjDhTGOVk22jCDQpyNC/gCAiZfRdlpV98Abgi93VYFZpi9UlcGxxzgfNzbNGc06jWkw8g6RJvQWNpCyJasGzHKQOSCBVhfEUidfB2KEkMy0yCWkhbL78GadPIZG++FfM4X5Ov6wUmtzypr60/yJLduqZDhqTskGQlaDEOLbUtjdlhprYhHagYQ2tPD+zmLN7sOaYA6Y+ZZDg7BYq5KuOQZ2QxgewwDQYJKwYBBAGCNxECMQAwEwYJKoZIhvcNAQkVMQYEBAEAAAAwWwYJKoZIhvcNAQkUMU4eTAB7ADYANwBCADcAQQA1AEMAOQAtAEMAQQAzADIALQA0ADAAQwA0AC0AQQAxADUAMwAtAEEAQgAyADIANwA5ADUARQBGADcAOABBAH0waQYJKwYBBAGCNxEBMVweWgBNAGkAYwByAG8AcwBvAGYAdAAgAFIAUwBBACAAUwBDAGgAYQBuAG4AZQBsACAAQwByAHkAcAB0AG8AZwByAGEAcABoAGkAYwAgAFAAcgBvAHYAaQBkAGUAcjCCAt8GCSqGSIb3DQEHBqCCAtAwggLMAgEAMIICxQYJKoZIhvcNAQcBMBwGCiqGSIb3DQEMAQMwDgQIGa3JOIHoBmsCAgfQgIICmF5H0WCdmEFOmpqKhkX6ipBiTk0Rb+vmnDU6nl2L09t4WBjpT1gIddDHMpzObv3ktWts/wA6652h2wNKrgXEFU12zqhaGZWkTFLBrdplMnx/hr804NxiQa4A+BBIsLccczN21776JjU7PBCIvvmuudsKi8V+PmF2K6Lf/WakcZEq4Iq6gmNxTvjSiXMWZe7Wj4+Izt2aoooDYwfQs4KBlI03HzMSU3omA0rXLtARDXwHAJXW2uFwqihlPdC4gwDd/YFwUvnKn92UmyAvENKUV/uKyH3AF1ZqlUgBzYNXyd8YX9H8rtfho2f6qaJZQC93YU3fs9L1xmWIH5saow8r3K85dGCJsisddNsgwtH/o4imOSs8WJw1EjjdpYhyCjs9gE/7ovZzcvrdXBZditLFN8nRIX5HFGz93PksHAQwZbVnbCwVgTGf0Sy5WstPb340ODE5CrakMPUIiVPQgkujpIkW7r4cIwwyyGKza9ZVEXcnoSWZiFSB7yaEf0SYZEoECZwN52wiMxeosJjaAPpWXFe8x5mHbDZ7/DE+pv+Qlyo7rQIzu4SZ9GCvs33dMC/7+RPy6u32ca87kKBQHR1JeCHeBdklMw+pSFRdHxIxq1l5ktycan943OluTdqND5Vf2RwXdSFv2P53334XNKG82wsfm68w7+EgEClDFLz7FymmIfoFO2z0H0adQvkq/7GcIFBSr1K0KEfT2l6csrMc3NSwzDOFiYJDDf++OYUN4nVKlkVE5j+c9Zo8ZkAlz8I4m756wL7e++xXWgwovlsxkBE5TdwWDZDOE8id6yJf54/o4JwS5SEnnNlvt3gRNdo6yCSUrTHfIr9YhvAdJUXbdSrNm5GZu+2fhgg/UJ7EY8pf5BczhNSDkcAwOzAfMAcGBSsOAwIaBBRzf6NV4Bxf3KRT41VV4sQZ348BtgQU7+VeN+vrmbRv0zCvk7r1ORhJ7YkCAgfQ",
    "TestCertificatePassword": "Password",
    "SubId": "bab08e11-7b12-4354-9fd1-4b5d64d40b68",
    "ServiceName": "sdktestservice",
    "Location": "CentralUS",
    "ResourceGroup": "Api-Default-CentralUS"
  }
}